INFO     core.py:calan.arbitrary_analyzer:start_logger - arbitrary_analyzer.log: calan v0.0.0
INFO     arbitrary_analyzer.py:calan.arbitrary_analyzer:main - Arguments: --plot basic --fit 1 --out-of-band 5 2 --response-pattern XX.YKAT1.xml --calibration-response-file XX.YKAT1.xml --pattern ../temperature/PRB_-36.00_Output.mseed --fmt PDF
INFO     arbitrary_analyzer.py:calan.arbitrary_analyzer:arbitrary_analyzer - calan v0.0.0
INFO     arbitrary_analyzer.py:CalibrationAnalyzer:load_stream - ../temperature/PRB_-36.00_Output.mseed
INFO     arbitrary_analyzer.py:CalibrationAnalyzer:load_stream - ../temperature/PRB_-36.00_Input.mseed
INFO     arbitrary_analyzer.py:CalibrationAnalyzer:load_stream - Read 0 days 00:10:04 at 40 sps
INFO     arbitrary_analyzer.py:CalibrationAnalyzer:load_response - Searching XX.YKAT1.xml for: XX.YKAT1..SHZ
INFO     arbitrary_analyzer.py:CalibrationAnalyzer:load_response - XX.YKAT1.xml: XX.YKAT1..SHZ
INFO     arbitrary_analyzer.py:CalibrationAnalyzer:load_response - First stage gain frequency 4 Hz => calper 0.25 s
DEBUG    arbitrary_analyzer.py:CalibrationAnalyzer:load_response - Channel Response
	From m/s (velocity) to counts (Digital Counts)
	Overall Sensitivity: 1.0946e+10 defined at 4.000 Hz
	12 stages:
		Stage 1: PolesZerosResponseStage from m/s to V, gain: 391.87
		Stage 2: PolesZerosResponseStage from V to V, gain: 40
		Stage 3: ResponseStage from V to V, gain: 2
		Stage 4: CoefficientsTypeResponseStage from V to counts, gain: 349160
		Stage 5: CoefficientsTypeResponseStage from counts to counts, gain: 1
		Stage 6: CoefficientsTypeResponseStage from counts to counts, gain: 1
		Stage 7: CoefficientsTypeResponseStage from counts to counts, gain: 1
		Stage 8: CoefficientsTypeResponseStage from counts to counts, gain: 1
		Stage 9: CoefficientsTypeResponseStage from counts to counts, gain: 1
		Stage 10: CoefficientsTypeResponseStage from counts to counts, gain: 1
		Stage 11: CoefficientsTypeResponseStage from counts to counts, gain: 1
		Stage 12: CoefficientsTypeResponseStage from counts to counts, gain: 1
INFO     arbitrary_analyzer.py:CalibrationAnalyzer:load_calibration_signal - Waveform data already includes calibration channel.
INFO     arbitrary_analyzer.py:CalibrationAnalyzer:load_calibration_response - XX.YKAT1.xml
DEBUG    arbitrary_analyzer.py:CalibrationAnalyzer:load_calibration_response - Channel Response
	From m/s**2 (acceleration) to counts (Digital Counts)
	Overall Sensitivity: 1.53188e+09 defined at UNKNOWN Hz
	12 stages:
		Stage 1: PolesZerosResponseStage from m/s**2 to A, gain: 25.3165
		Stage 2: PolesZerosResponseStage from V to A, gain: 25.6558
		Stage 3: ResponseStage from A to A, gain: 1
		Stage 4: CoefficientsTypeResponseStage from V to counts, gain: 2.3585e+06
		Stage 5: CoefficientsTypeResponseStage from counts to counts, gain: 1
		Stage 6: CoefficientsTypeResponseStage from counts to counts, gain: 1
		Stage 7: CoefficientsTypeResponseStage from counts to counts, gain: 1
		Stage 8: CoefficientsTypeResponseStage from counts to counts, gain: 1
		Stage 9: CoefficientsTypeResponseStage from counts to counts, gain: 1
		Stage 10: CoefficientsTypeResponseStage from counts to counts, gain: 1
		Stage 11: CoefficientsTypeResponseStage from counts to counts, gain: 1
		Stage 12: CoefficientsTypeResponseStage from counts to counts, gain: 1
DEBUG    arbitrary_analyzer.py:CalibrationAnalyzer:check_stream - 2 Trace(s) in Stream:
XX.YKAT1..SHZ | 2020-01-10T15:29:32.450000Z - 2020-01-10T15:39:36.450000Z | 40.0 Hz, 24161 samples
XX.YKAT1..SHC | 2020-01-10T15:29:32.450000Z - 2020-01-10T15:39:36.450000Z | 40.0 Hz, 24161 samples
DEBUG    arbitrary_analyzer.py:CalibrationAnalyzer:setup_nominal_responses - Sensor: ZerosPolesGainContinuous(
array([0.+0.j, 0.+0.j]),
array([-3.9172-4.9127j, -3.9172+4.9127j]),
np.float64(387.1537161956358),
dt: None
)
DEBUG    arbitrary_analyzer.py:CalibrationAnalyzer:setup_nominal_responses - Integrating calibration response 1 times, to get from m/s**2 to m/s
DEBUG    arbitrary_analyzer.py:CalibrationAnalyzer:setup_nominal_responses - Cal: ZerosPolesGainContinuous(
array([], dtype=float64),
array([0.]),
array([0.123169]),
dt: None
)
DEBUG    arbitrary_analyzer.py:CalibrationAnalyzer:setup_nominal_responses - System: ZerosPolesGainContinuous(
array([0.+0.j]),
array([-3.9172-4.9127j, -3.9172+4.9127j]),
np.float64(47.68539336190581),
dt: None
)
INFO     arbitrary_analyzer.py:CalibrationAnalyzer:_save_image - check_start_XX.YKAT1..SH_20200110.1529.pdf
DEBUG    backend_pdf.py:matplotlib.backends.backend_pdf:fontName - Assigning font /F1 (subset 1) = FontPath('/u01/nackerle/gitlab/quality-control/calibration-analyzer/.venv/lib/python3.12/site-packages/matplotlib/mpl-data/fonts/ttf/DejaVuSans.ttf', 0)
DEBUG    backend_pdf.py:matplotlib.backends.backend_pdf:fontName - Assigning font /F2 (subset 0) = FontPath('/u01/nackerle/gitlab/quality-control/calibration-analyzer/.venv/lib/python3.12/site-packages/matplotlib/mpl-data/fonts/ttf/DejaVuSans.ttf', 0)
DEBUG    backend_pdf.py:matplotlib.backends.backend_pdf:writeFonts - Embedding font FontPath('/u01/nackerle/gitlab/quality-control/calibration-analyzer/.venv/lib/python3.12/site-packages/matplotlib/mpl-data/fonts/ttf/DejaVuSans.ttf', 0):0.
DEBUG    backend_pdf.py:matplotlib.backends.backend_pdf:writeFonts - Writing TrueType font.
DEBUG    backend_pdf.py:matplotlib.backends.backend_pdf:writeFonts - Embedding font FontPath('/u01/nackerle/gitlab/quality-control/calibration-analyzer/.venv/lib/python3.12/site-packages/matplotlib/mpl-data/fonts/ttf/DejaVuSans.ttf', 0):1.
DEBUG    backend_pdf.py:matplotlib.backends.backend_pdf:writeFonts - Writing TrueType font.
INFO     arbitrary_analyzer.py:CalibrationAnalyzer:_save_image - check_end_XX.YKAT1..SH_20200110.1529.pdf
DEBUG    backend_pdf.py:matplotlib.backends.backend_pdf:fontName - Assigning font /F1 (subset 1) = FontPath('/u01/nackerle/gitlab/quality-control/calibration-analyzer/.venv/lib/python3.12/site-packages/matplotlib/mpl-data/fonts/ttf/DejaVuSans.ttf', 0)
DEBUG    backend_pdf.py:matplotlib.backends.backend_pdf:fontName - Assigning font /F2 (subset 0) = FontPath('/u01/nackerle/gitlab/quality-control/calibration-analyzer/.venv/lib/python3.12/site-packages/matplotlib/mpl-data/fonts/ttf/DejaVuSans.ttf', 0)
DEBUG    backend_pdf.py:matplotlib.backends.backend_pdf:writeFonts - Embedding font FontPath('/u01/nackerle/gitlab/quality-control/calibration-analyzer/.venv/lib/python3.12/site-packages/matplotlib/mpl-data/fonts/ttf/DejaVuSans.ttf', 0):0.
DEBUG    backend_pdf.py:matplotlib.backends.backend_pdf:writeFonts - Writing TrueType font.
DEBUG    backend_pdf.py:matplotlib.backends.backend_pdf:writeFonts - Embedding font FontPath('/u01/nackerle/gitlab/quality-control/calibration-analyzer/.venv/lib/python3.12/site-packages/matplotlib/mpl-data/fonts/ttf/DejaVuSans.ttf', 0):1.
DEBUG    backend_pdf.py:matplotlib.backends.backend_pdf:writeFonts - Writing TrueType font.
DEBUG    arbitrary_analyzer.py:CalibrationAnalyzer:voltage - Digitizer sensitivities (input): 2358500.0 counts/V
DEBUG    arbitrary_analyzer.py:CalibrationAnalyzer:voltage - Digitizer sensitivities (output): 349160.0 counts/V
INFO     stft.py:Stft:compute - 23 segments from 0.02 to 20 Hz
INFO     arbitrary_analyzer.py:CalibrationAnalyzer:set_calper - Obtained calper from first sensor stage: {calper} s
DEBUG    arbitrary_analyzer.py:CalibrationAnalyzer:fit - ZerosPolesGainContinuous(
array([0.+0.j]),
array([-3.9172-4.9127j, -3.9172+4.9127j]),
np.float64(47.68539336190581),
dt: None
)
DEBUG    arbitrary_analyzer.py:CalibrationAnalyzer:fit - ZerosPolesGainContinuous(
array([], dtype=float64),
array([0]),
np.float64(25.132741228718345),
dt: None
)
INFO     arbitrary_analyzer.py:CalibrationAnalyzer:fit - Nominal zeros: 
INFO     arbitrary_analyzer.py:CalibrationAnalyzer:fit - Nominal poles: 1.00 Hz (ζ = 0.623)
INFO     arbitrary_analyzer.py:CalibrationAnalyzer:fit - Nominal sensitivity [V/(m/s) at 4 Hz]: 391.87
INFO     arbitrary_analyzer.py:CalibrationAnalyzer:fit - Fitting: Z
INFO     fit_response.py:calan.fit_response:fit_response - Fixing 0 zeros and 1 poles at nominal values.
INFO     fit_response.py:calan.fit_response:extract_coefficients - Fixing 2 zeros at zero.
INFO     fit_response.py:calan.fit_response:fit_response - Fitting numerator/denominator degrees 2/2 at 799 frequencies.
INFO     fit_response.py:calan.fit_response:fit_response - Method: line_search
INFO     fit_response.py:calan.fit_response:fit_response - Termination: Minimum gradient reached.
INFO     fit_response.py:calan.fit_response:fit_response - Cost reduced from 1.1e+02 to 62 in 5 iterations.
DEBUG    arbitrary_analyzer.py:CalibrationAnalyzer:fit - ZerosPolesGainContinuous(
array([0.]),
array([-4.320892-4.268029j, -4.320892+4.268029j]),
np.float64(52.42212009957068),
dt: None
)
INFO     arbitrary_analyzer.py:CalibrationAnalyzer:fit - Fit zeros: 
INFO     arbitrary_analyzer.py:CalibrationAnalyzer:fit - Fit poles: 0.967 Hz (ζ = 0.711)
INFO     arbitrary_analyzer.py:CalibrationAnalyzer:fit - Fit sensitivity [V/(m/s) at 4 Hz]: 424.58
WARNING  arbitrary_analyzer.py:CalibrationAnalyzer:test - Amplitude: Z: FAIL
WARNING  arbitrary_analyzer.py:CalibrationAnalyzer:test - Phase: Z: FAIL
INFO     arbitrary_analyzer.py:CalibrationAnalyzer:estimate_errors - gain error 9.83% ±0.2% (95% conf.)
INFO     arbitrary_analyzer.py:CalibrationAnalyzer:estimate_errors - timing error -2.02ms ±40us (95% conf.)
INFO     arbitrary_analyzer.py:CalibrationAnalyzer:_save_image - transfer_function_nominal_system_removed_XX.YKAT1..SH_20200110.1529.pdf
DEBUG    backend_pdf.py:matplotlib.backends.backend_pdf:fontName - Assigning font /F1 (subset 1) = FontPath('/u01/nackerle/gitlab/quality-control/calibration-analyzer/.venv/lib/python3.12/site-packages/matplotlib/mpl-data/fonts/ttf/DejaVuSans.ttf', 0)
DEBUG    backend_pdf.py:matplotlib.backends.backend_pdf:fontName - Assigning font /F2 (subset 0) = FontPath('/u01/nackerle/gitlab/quality-control/calibration-analyzer/.venv/lib/python3.12/site-packages/matplotlib/mpl-data/fonts/ttf/DejaVuSans.ttf', 0)
DEBUG    backend_pdf.py:matplotlib.backends.backend_pdf:writeFonts - Embedding font FontPath('/u01/nackerle/gitlab/quality-control/calibration-analyzer/.venv/lib/python3.12/site-packages/matplotlib/mpl-data/fonts/ttf/DejaVuSans.ttf', 0):0.
DEBUG    backend_pdf.py:matplotlib.backends.backend_pdf:writeFonts - Writing TrueType font.
DEBUG    backend_pdf.py:matplotlib.backends.backend_pdf:writeFonts - Embedding font FontPath('/u01/nackerle/gitlab/quality-control/calibration-analyzer/.venv/lib/python3.12/site-packages/matplotlib/mpl-data/fonts/ttf/DejaVuSans.ttf', 0):1.
DEBUG    backend_pdf.py:matplotlib.backends.backend_pdf:writeFonts - Writing TrueType font.
INFO     arbitrary_analyzer.py:CalibrationAnalyzer:_save_image - transfer_function_nominal_cal_removed_XX.YKAT1..SH_20200110.1529.pdf
DEBUG    backend_pdf.py:matplotlib.backends.backend_pdf:fontName - Assigning font /F1 (subset 0) = FontPath('/u01/nackerle/gitlab/quality-control/calibration-analyzer/.venv/lib/python3.12/site-packages/matplotlib/mpl-data/fonts/ttf/DejaVuSans.ttf', 0)
DEBUG    backend_pdf.py:matplotlib.backends.backend_pdf:fontName - Assigning font /F2 (subset 1) = FontPath('/u01/nackerle/gitlab/quality-control/calibration-analyzer/.venv/lib/python3.12/site-packages/matplotlib/mpl-data/fonts/ttf/DejaVuSans.ttf', 0)
DEBUG    backend_pdf.py:matplotlib.backends.backend_pdf:writeFonts - Embedding font FontPath('/u01/nackerle/gitlab/quality-control/calibration-analyzer/.venv/lib/python3.12/site-packages/matplotlib/mpl-data/fonts/ttf/DejaVuSans.ttf', 0):0.
DEBUG    backend_pdf.py:matplotlib.backends.backend_pdf:writeFonts - Writing TrueType font.
DEBUG    backend_pdf.py:matplotlib.backends.backend_pdf:writeFonts - Embedding font FontPath('/u01/nackerle/gitlab/quality-control/calibration-analyzer/.venv/lib/python3.12/site-packages/matplotlib/mpl-data/fonts/ttf/DejaVuSans.ttf', 0):1.
DEBUG    backend_pdf.py:matplotlib.backends.backend_pdf:writeFonts - Writing TrueType font.
INFO     arbitrary_analyzer.py:CalibrationAnalyzer:_save_image - variance_XX.YKAT1..SH_20200110.1529.pdf
DEBUG    backend_pdf.py:matplotlib.backends.backend_pdf:fontName - Assigning font /F1 (subset 0) = FontPath('/u01/nackerle/gitlab/quality-control/calibration-analyzer/.venv/lib/python3.12/site-packages/matplotlib/mpl-data/fonts/ttf/DejaVuSans.ttf', 0)
DEBUG    backend_pdf.py:matplotlib.backends.backend_pdf:fontName - Assigning font /F2 (subset 1) = FontPath('/u01/nackerle/gitlab/quality-control/calibration-analyzer/.venv/lib/python3.12/site-packages/matplotlib/mpl-data/fonts/ttf/DejaVuSans.ttf', 0)
DEBUG    backend_pdf.py:matplotlib.backends.backend_pdf:writeFonts - Embedding font FontPath('/u01/nackerle/gitlab/quality-control/calibration-analyzer/.venv/lib/python3.12/site-packages/matplotlib/mpl-data/fonts/ttf/DejaVuSans.ttf', 0):0.
DEBUG    backend_pdf.py:matplotlib.backends.backend_pdf:writeFonts - Writing TrueType font.
DEBUG    backend_pdf.py:matplotlib.backends.backend_pdf:writeFonts - Embedding font FontPath('/u01/nackerle/gitlab/quality-control/calibration-analyzer/.venv/lib/python3.12/site-packages/matplotlib/mpl-data/fonts/ttf/DejaVuSans.ttf', 0):1.
DEBUG    backend_pdf.py:matplotlib.backends.backend_pdf:writeFonts - Writing TrueType font.
INFO     arbitrary_analyzer.py:calan.arbitrary_analyzer:arbitrary_analyzer - Summary: arbitrary_analyzer_fit1.csv
INFO     core.py:calan.arbitrary_analyzer:start_logger - arbitrary_analyzer.log: calan v0.0.0
INFO     arbitrary_analyzer.py:calan.arbitrary_analyzer:main - Arguments: --plot basic --fit 2 --out-of-band 5 2 --response-pattern XX.YKAT1.xml --calibration-response-file XX.YKAT1.xml --pattern ../temperature/PRB_-36.00_Output.mseed --fmt PDF
INFO     arbitrary_analyzer.py:calan.arbitrary_analyzer:arbitrary_analyzer - calan v0.0.0
INFO     arbitrary_analyzer.py:CalibrationAnalyzer:load_stream - ../temperature/PRB_-36.00_Output.mseed
INFO     arbitrary_analyzer.py:CalibrationAnalyzer:load_stream - ../temperature/PRB_-36.00_Input.mseed
INFO     arbitrary_analyzer.py:CalibrationAnalyzer:load_stream - Read 0 days 00:10:04 at 40 sps
INFO     arbitrary_analyzer.py:CalibrationAnalyzer:load_response - Searching XX.YKAT1.xml for: XX.YKAT1..SHZ
INFO     arbitrary_analyzer.py:CalibrationAnalyzer:load_response - XX.YKAT1.xml: XX.YKAT1..SHZ
WARNING  arbitrary_analyzer.py:CalibrationAnalyzer:check_response - Instrument sensitivity, 1.0946e+10 counts/(m/s), should be close to that of cascaded stages, 1.09266e+10 counts/(m/s), but is not used
INFO     arbitrary_analyzer.py:CalibrationAnalyzer:load_response - First stage gain frequency 4 Hz => calper 0.25 s
DEBUG    arbitrary_analyzer.py:CalibrationAnalyzer:load_response - Channel Response
	From m/s (velocity) to counts (Digital Counts)
	Overall Sensitivity: 1.0946e+10 defined at 4.000 Hz
	12 stages:
		Stage 1: PolesZerosResponseStage from m/s to V, gain: 391.87
		Stage 2: PolesZerosResponseStage from V to V, gain: 40
		Stage 3: ResponseStage from V to V, gain: 2
		Stage 4: CoefficientsTypeResponseStage from V to counts, gain: 349160
		Stage 5: CoefficientsTypeResponseStage from counts to counts, gain: 1
		Stage 6: CoefficientsTypeResponseStage from counts to counts, gain: 1
		Stage 7: CoefficientsTypeResponseStage from counts to counts, gain: 1
		Stage 8: CoefficientsTypeResponseStage from counts to counts, gain: 1
		Stage 9: CoefficientsTypeResponseStage from counts to counts, gain: 1
		Stage 10: CoefficientsTypeResponseStage from counts to counts, gain: 1
		Stage 11: CoefficientsTypeResponseStage from counts to counts, gain: 1
		Stage 12: CoefficientsTypeResponseStage from counts to counts, gain: 1
INFO     arbitrary_analyzer.py:CalibrationAnalyzer:load_calibration_signal - Waveform data already includes calibration channel.
INFO     arbitrary_analyzer.py:CalibrationAnalyzer:load_calibration_response - XX.YKAT1.xml
DEBUG    arbitrary_analyzer.py:CalibrationAnalyzer:load_calibration_response - Channel Response
	From m/s**2 (acceleration) to counts (Digital Counts)
	Overall Sensitivity: 1.53188e+09 defined at UNKNOWN Hz
	12 stages:
		Stage 1: PolesZerosResponseStage from m/s**2 to A, gain: 25.3165
		Stage 2: PolesZerosResponseStage from V to A, gain: 25.6558
		Stage 3: ResponseStage from A to A, gain: 1
		Stage 4: CoefficientsTypeResponseStage from V to counts, gain: 2.3585e+06
		Stage 5: CoefficientsTypeResponseStage from counts to counts, gain: 1
		Stage 6: CoefficientsTypeResponseStage from counts to counts, gain: 1
		Stage 7: CoefficientsTypeResponseStage from counts to counts, gain: 1
		Stage 8: CoefficientsTypeResponseStage from counts to counts, gain: 1
		Stage 9: CoefficientsTypeResponseStage from counts to counts, gain: 1
		Stage 10: CoefficientsTypeResponseStage from counts to counts, gain: 1
		Stage 11: CoefficientsTypeResponseStage from counts to counts, gain: 1
		Stage 12: CoefficientsTypeResponseStage from counts to counts, gain: 1
DEBUG    arbitrary_analyzer.py:CalibrationAnalyzer:check_stream - 2 Trace(s) in Stream:
XX.YKAT1..SHZ | 2020-01-10T15:29:32.450000Z - 2020-01-10T15:39:36.450000Z | 40.0 Hz, 24161 samples
XX.YKAT1..SHC | 2020-01-10T15:29:32.450000Z - 2020-01-10T15:39:36.450000Z | 40.0 Hz, 24161 samples
DEBUG    arbitrary_analyzer.py:CalibrationAnalyzer:setup_nominal_responses - Sensor: ZerosPolesGainContinuous(
array([0.+0.j, 0.+0.j]),
array([  -3.9172-4.9127j,   -3.9172+4.9127j, -420.97  +0.j    ]),
np.float64(6519203.996275072),
dt: None
)
DEBUG    arbitrary_analyzer.py:CalibrationAnalyzer:setup_nominal_responses - Integrating calibration response 1 times, to get from m/s**2 to m/s
DEBUG    arbitrary_analyzer.py:CalibrationAnalyzer:setup_nominal_responses - Cal: ZerosPolesGainContinuous(
array([], dtype=float64),
array([0.]),
array([0.003079]),
dt: None
)
DEBUG    arbitrary_analyzer.py:CalibrationAnalyzer:setup_nominal_responses - System: ZerosPolesGainContinuous(
array([0.+0.j]),
array([  -3.9172-4.9127j,   -3.9172+4.9127j, -420.97  +0.j    ]),
np.float64(20074.120043561485),
dt: None
)
INFO     arbitrary_analyzer.py:CalibrationAnalyzer:_save_image - check_start_XX.YKAT1..SH_20200110.1529.pdf
DEBUG    backend_pdf.py:matplotlib.backends.backend_pdf:fontName - Assigning font /F1 (subset 1) = FontPath('/u01/nackerle/gitlab/quality-control/calibration-analyzer/.venv/lib/python3.12/site-packages/matplotlib/mpl-data/fonts/ttf/DejaVuSans.ttf', 0)
DEBUG    backend_pdf.py:matplotlib.backends.backend_pdf:fontName - Assigning font /F2 (subset 0) = FontPath('/u01/nackerle/gitlab/quality-control/calibration-analyzer/.venv/lib/python3.12/site-packages/matplotlib/mpl-data/fonts/ttf/DejaVuSans.ttf', 0)
DEBUG    backend_pdf.py:matplotlib.backends.backend_pdf:writeFonts - Embedding font FontPath('/u01/nackerle/gitlab/quality-control/calibration-analyzer/.venv/lib/python3.12/site-packages/matplotlib/mpl-data/fonts/ttf/DejaVuSans.ttf', 0):0.
DEBUG    backend_pdf.py:matplotlib.backends.backend_pdf:writeFonts - Writing TrueType font.
DEBUG    backend_pdf.py:matplotlib.backends.backend_pdf:writeFonts - Embedding font FontPath('/u01/nackerle/gitlab/quality-control/calibration-analyzer/.venv/lib/python3.12/site-packages/matplotlib/mpl-data/fonts/ttf/DejaVuSans.ttf', 0):1.
DEBUG    backend_pdf.py:matplotlib.backends.backend_pdf:writeFonts - Writing TrueType font.
INFO     arbitrary_analyzer.py:CalibrationAnalyzer:_save_image - check_end_XX.YKAT1..SH_20200110.1529.pdf
DEBUG    backend_pdf.py:matplotlib.backends.backend_pdf:fontName - Assigning font /F1 (subset 1) = FontPath('/u01/nackerle/gitlab/quality-control/calibration-analyzer/.venv/lib/python3.12/site-packages/matplotlib/mpl-data/fonts/ttf/DejaVuSans.ttf', 0)
DEBUG    backend_pdf.py:matplotlib.backends.backend_pdf:fontName - Assigning font /F2 (subset 0) = FontPath('/u01/nackerle/gitlab/quality-control/calibration-analyzer/.venv/lib/python3.12/site-packages/matplotlib/mpl-data/fonts/ttf/DejaVuSans.ttf', 0)
DEBUG    backend_pdf.py:matplotlib.backends.backend_pdf:writeFonts - Embedding font FontPath('/u01/nackerle/gitlab/quality-control/calibration-analyzer/.venv/lib/python3.12/site-packages/matplotlib/mpl-data/fonts/ttf/DejaVuSans.ttf', 0):0.
DEBUG    backend_pdf.py:matplotlib.backends.backend_pdf:writeFonts - Writing TrueType font.
DEBUG    backend_pdf.py:matplotlib.backends.backend_pdf:writeFonts - Embedding font FontPath('/u01/nackerle/gitlab/quality-control/calibration-analyzer/.venv/lib/python3.12/site-packages/matplotlib/mpl-data/fonts/ttf/DejaVuSans.ttf', 0):1.
DEBUG    backend_pdf.py:matplotlib.backends.backend_pdf:writeFonts - Writing TrueType font.
DEBUG    arbitrary_analyzer.py:CalibrationAnalyzer:voltage - Digitizer sensitivities (input): 2358500.0 counts/V
DEBUG    arbitrary_analyzer.py:CalibrationAnalyzer:voltage - Digitizer sensitivities (output): 349160.0 counts/V
INFO     stft.py:Stft:compute - 23 segments from 0.02 to 20 Hz
INFO     arbitrary_analyzer.py:CalibrationAnalyzer:set_calper - Obtained calper from first sensor stage: {calper} s
DEBUG    arbitrary_analyzer.py:CalibrationAnalyzer:fit - ZerosPolesGainContinuous(
array([0.+0.j]),
array([  -3.9172-4.9127j,   -3.9172+4.9127j, -420.97  +0.j    ]),
np.float64(20074.120043561485),
dt: None
)
DEBUG    arbitrary_analyzer.py:CalibrationAnalyzer:fit - ZerosPolesGainContinuous(
array([], dtype=float64),
array([0]),
np.float64(25.132741228718345),
dt: None
)
INFO     arbitrary_analyzer.py:CalibrationAnalyzer:fit - Nominal zeros: 
INFO     arbitrary_analyzer.py:CalibrationAnalyzer:fit - Nominal poles: 1.00 Hz (ζ = 0.623), 67.0 Hz
INFO     arbitrary_analyzer.py:CalibrationAnalyzer:fit - Nominal sensitivity [V/(m/s) at 4 Hz]: 15647
INFO     arbitrary_analyzer.py:CalibrationAnalyzer:fit - Fitting: Z
INFO     fit_response.py:calan.fit_response:fit_response - Fixing 0 zeros and 1 poles at nominal values.
INFO     fit_response.py:calan.fit_response:extract_coefficients - Fixing 2 zeros at zero.
INFO     fit_response.py:calan.fit_response:fit_response - Fitting numerator/denominator degrees 2/3 at 799 frequencies.
INFO     fit_response.py:calan.fit_response:fit_response - Method: line_search
INFO     fit_response.py:calan.fit_response:fit_response - Termination: Minimum gradient reached.
INFO     fit_response.py:calan.fit_response:fit_response - Cost reduced from 1e+02 to 12 in 4 iterations.
DEBUG    arbitrary_analyzer.py:CalibrationAnalyzer:fit - ZerosPolesGainContinuous(
array([0.]),
array([  -4.580001-4.117607j,   -4.580001+4.117607j,
       -422.354164+0.j      ]),
np.float64(22833.679676079333),
dt: None
)
INFO     arbitrary_analyzer.py:CalibrationAnalyzer:fit - Fit zeros: 
INFO     arbitrary_analyzer.py:CalibrationAnalyzer:fit - Fit poles: 0.980 Hz (ζ = 0.744), 67.2 Hz
INFO     arbitrary_analyzer.py:CalibrationAnalyzer:fit - Fit sensitivity [V/(m/s) at 4 Hz]: 17385
WARNING  arbitrary_analyzer.py:CalibrationAnalyzer:test - Amplitude: Z: FAIL
WARNING  arbitrary_analyzer.py:CalibrationAnalyzer:test - Phase: Z: FAIL
INFO     arbitrary_analyzer.py:CalibrationAnalyzer:estimate_errors - gain error 11.0% ±0.2% (95% conf.)
INFO     arbitrary_analyzer.py:CalibrationAnalyzer:estimate_errors - timing error 0.33ms ±40us (95% conf.)
INFO     arbitrary_analyzer.py:CalibrationAnalyzer:_save_image - transfer_function_nominal_system_removed_XX.YKAT1..SH_20200110.1529.pdf
DEBUG    backend_pdf.py:matplotlib.backends.backend_pdf:fontName - Assigning font /F1 (subset 1) = FontPath('/u01/nackerle/gitlab/quality-control/calibration-analyzer/.venv/lib/python3.12/site-packages/matplotlib/mpl-data/fonts/ttf/DejaVuSans.ttf', 0)
DEBUG    backend_pdf.py:matplotlib.backends.backend_pdf:fontName - Assigning font /F2 (subset 0) = FontPath('/u01/nackerle/gitlab/quality-control/calibration-analyzer/.venv/lib/python3.12/site-packages/matplotlib/mpl-data/fonts/ttf/DejaVuSans.ttf', 0)
DEBUG    backend_pdf.py:matplotlib.backends.backend_pdf:writeFonts - Embedding font FontPath('/u01/nackerle/gitlab/quality-control/calibration-analyzer/.venv/lib/python3.12/site-packages/matplotlib/mpl-data/fonts/ttf/DejaVuSans.ttf', 0):0.
DEBUG    backend_pdf.py:matplotlib.backends.backend_pdf:writeFonts - Writing TrueType font.
DEBUG    backend_pdf.py:matplotlib.backends.backend_pdf:writeFonts - Embedding font FontPath('/u01/nackerle/gitlab/quality-control/calibration-analyzer/.venv/lib/python3.12/site-packages/matplotlib/mpl-data/fonts/ttf/DejaVuSans.ttf', 0):1.
DEBUG    backend_pdf.py:matplotlib.backends.backend_pdf:writeFonts - Writing TrueType font.
INFO     arbitrary_analyzer.py:CalibrationAnalyzer:_save_image - transfer_function_nominal_cal_removed_XX.YKAT1..SH_20200110.1529.pdf
DEBUG    backend_pdf.py:matplotlib.backends.backend_pdf:fontName - Assigning font /F1 (subset 0) = FontPath('/u01/nackerle/gitlab/quality-control/calibration-analyzer/.venv/lib/python3.12/site-packages/matplotlib/mpl-data/fonts/ttf/DejaVuSans.ttf', 0)
DEBUG    backend_pdf.py:matplotlib.backends.backend_pdf:fontName - Assigning font /F2 (subset 1) = FontPath('/u01/nackerle/gitlab/quality-control/calibration-analyzer/.venv/lib/python3.12/site-packages/matplotlib/mpl-data/fonts/ttf/DejaVuSans.ttf', 0)
DEBUG    backend_pdf.py:matplotlib.backends.backend_pdf:writeFonts - Embedding font FontPath('/u01/nackerle/gitlab/quality-control/calibration-analyzer/.venv/lib/python3.12/site-packages/matplotlib/mpl-data/fonts/ttf/DejaVuSans.ttf', 0):0.
DEBUG    backend_pdf.py:matplotlib.backends.backend_pdf:writeFonts - Writing TrueType font.
DEBUG    backend_pdf.py:matplotlib.backends.backend_pdf:writeFonts - Embedding font FontPath('/u01/nackerle/gitlab/quality-control/calibration-analyzer/.venv/lib/python3.12/site-packages/matplotlib/mpl-data/fonts/ttf/DejaVuSans.ttf', 0):1.
DEBUG    backend_pdf.py:matplotlib.backends.backend_pdf:writeFonts - Writing TrueType font.
INFO     arbitrary_analyzer.py:CalibrationAnalyzer:_save_image - variance_XX.YKAT1..SH_20200110.1529.pdf
DEBUG    backend_pdf.py:matplotlib.backends.backend_pdf:fontName - Assigning font /F1 (subset 0) = FontPath('/u01/nackerle/gitlab/quality-control/calibration-analyzer/.venv/lib/python3.12/site-packages/matplotlib/mpl-data/fonts/ttf/DejaVuSans.ttf', 0)
DEBUG    backend_pdf.py:matplotlib.backends.backend_pdf:fontName - Assigning font /F2 (subset 1) = FontPath('/u01/nackerle/gitlab/quality-control/calibration-analyzer/.venv/lib/python3.12/site-packages/matplotlib/mpl-data/fonts/ttf/DejaVuSans.ttf', 0)
DEBUG    backend_pdf.py:matplotlib.backends.backend_pdf:writeFonts - Embedding font FontPath('/u01/nackerle/gitlab/quality-control/calibration-analyzer/.venv/lib/python3.12/site-packages/matplotlib/mpl-data/fonts/ttf/DejaVuSans.ttf', 0):0.
DEBUG    backend_pdf.py:matplotlib.backends.backend_pdf:writeFonts - Writing TrueType font.
DEBUG    backend_pdf.py:matplotlib.backends.backend_pdf:writeFonts - Embedding font FontPath('/u01/nackerle/gitlab/quality-control/calibration-analyzer/.venv/lib/python3.12/site-packages/matplotlib/mpl-data/fonts/ttf/DejaVuSans.ttf', 0):1.
DEBUG    backend_pdf.py:matplotlib.backends.backend_pdf:writeFonts - Writing TrueType font.
INFO     arbitrary_analyzer.py:calan.arbitrary_analyzer:arbitrary_analyzer - Summary: arbitrary_analyzer_fit2.csv
INFO     core.py:calan.arbitrary_analyzer:start_logger - arbitrary_analyzer.log: calan v0.0.0
INFO     arbitrary_analyzer.py:calan.arbitrary_analyzer:main - Arguments: --plot basic --fit 2 --out-of-band 5 2 --response-pattern XX.YKAT1.xml --calibration-response-file XX.YKAT1.xml --pattern ../temperature/PRB_-36.00_Output.mseed --fmt PDF
INFO     arbitrary_analyzer.py:calan.arbitrary_analyzer:arbitrary_analyzer - calan v0.0.0
INFO     arbitrary_analyzer.py:CalibrationAnalyzer:load_stream - ../temperature/PRB_-36.00_Output.mseed
INFO     arbitrary_analyzer.py:CalibrationAnalyzer:load_stream - ../temperature/PRB_-36.00_Input.mseed
INFO     arbitrary_analyzer.py:CalibrationAnalyzer:load_stream - Read 0 days 00:10:04 at 40 sps
INFO     arbitrary_analyzer.py:CalibrationAnalyzer:load_response - Searching XX.YKAT1.xml for: XX.YKAT1..SHZ
INFO     arbitrary_analyzer.py:CalibrationAnalyzer:load_response - XX.YKAT1.xml: XX.YKAT1..SHZ
WARNING  arbitrary_analyzer.py:CalibrationAnalyzer:check_response - Instrument sensitivity, 1.0946e+10 counts/(m/s), should be close to that of cascaded stages, 1.09266e+10 counts/(m/s), but is not used
INFO     arbitrary_analyzer.py:CalibrationAnalyzer:load_response - First stage gain frequency 4 Hz => calper 0.25 s
DEBUG    arbitrary_analyzer.py:CalibrationAnalyzer:load_response - Channel Response
	From m/s (velocity) to counts (Digital Counts)
	Overall Sensitivity: 1.0946e+10 defined at 4.000 Hz
	12 stages:
		Stage 1: PolesZerosResponseStage from m/s to V, gain: 391.87
		Stage 2: PolesZerosResponseStage from V to V, gain: 40
		Stage 3: ResponseStage from V to V, gain: 2
		Stage 4: CoefficientsTypeResponseStage from V to counts, gain: 349160
		Stage 5: CoefficientsTypeResponseStage from counts to counts, gain: 1
		Stage 6: CoefficientsTypeResponseStage from counts to counts, gain: 1
		Stage 7: CoefficientsTypeResponseStage from counts to counts, gain: 1
		Stage 8: CoefficientsTypeResponseStage from counts to counts, gain: 1
		Stage 9: CoefficientsTypeResponseStage from counts to counts, gain: 1
		Stage 10: CoefficientsTypeResponseStage from counts to counts, gain: 1
		Stage 11: CoefficientsTypeResponseStage from counts to counts, gain: 1
		Stage 12: CoefficientsTypeResponseStage from counts to counts, gain: 1
INFO     arbitrary_analyzer.py:CalibrationAnalyzer:load_calibration_signal - Waveform data already includes calibration channel.
INFO     arbitrary_analyzer.py:CalibrationAnalyzer:load_calibration_response - XX.YKAT1.xml
DEBUG    arbitrary_analyzer.py:CalibrationAnalyzer:load_calibration_response - Channel Response
	From m/s**2 (acceleration) to counts (Digital Counts)
	Overall Sensitivity: 1.53188e+09 defined at UNKNOWN Hz
	12 stages:
		Stage 1: PolesZerosResponseStage from m/s**2 to A, gain: 25.3165
		Stage 2: PolesZerosResponseStage from V to A, gain: 25.6558
		Stage 3: ResponseStage from A to A, gain: 1
		Stage 4: CoefficientsTypeResponseStage from V to counts, gain: 2.3585e+06
		Stage 5: CoefficientsTypeResponseStage from counts to counts, gain: 1
		Stage 6: CoefficientsTypeResponseStage from counts to counts, gain: 1
		Stage 7: CoefficientsTypeResponseStage from counts to counts, gain: 1
		Stage 8: CoefficientsTypeResponseStage from counts to counts, gain: 1
		Stage 9: CoefficientsTypeResponseStage from counts to counts, gain: 1
		Stage 10: CoefficientsTypeResponseStage from counts to counts, gain: 1
		Stage 11: CoefficientsTypeResponseStage from counts to counts, gain: 1
		Stage 12: CoefficientsTypeResponseStage from counts to counts, gain: 1
DEBUG    arbitrary_analyzer.py:CalibrationAnalyzer:check_stream - 2 Trace(s) in Stream:
XX.YKAT1..SHZ | 2020-01-10T15:29:32.450000Z - 2020-01-10T15:39:36.450000Z | 40.0 Hz, 24161 samples
XX.YKAT1..SHC | 2020-01-10T15:29:32.450000Z - 2020-01-10T15:39:36.450000Z | 40.0 Hz, 24161 samples
DEBUG    arbitrary_analyzer.py:CalibrationAnalyzer:setup_nominal_responses - Sensor: ZerosPolesGainContinuous(
array([0.+0.j, 0.+0.j]),
array([  -3.9172-4.9127j,   -3.9172+4.9127j, -420.97  +0.j    ]),
np.float64(6519203.996275072),
dt: None
)
DEBUG    arbitrary_analyzer.py:CalibrationAnalyzer:setup_nominal_responses - Integrating calibration response 1 times, to get from m/s**2 to m/s
DEBUG    arbitrary_analyzer.py:CalibrationAnalyzer:setup_nominal_responses - Cal: ZerosPolesGainContinuous(
array([], dtype=float64),
array([0.]),
array([0.003079]),
dt: None
)
DEBUG    arbitrary_analyzer.py:CalibrationAnalyzer:setup_nominal_responses - System: ZerosPolesGainContinuous(
array([0.+0.j]),
array([  -3.9172-4.9127j,   -3.9172+4.9127j, -420.97  +0.j    ]),
np.float64(20074.120043561485),
dt: None
)
INFO     arbitrary_analyzer.py:CalibrationAnalyzer:_save_image - check_start_XX.YKAT1..SH_20200110.1529.pdf
DEBUG    backend_pdf.py:matplotlib.backends.backend_pdf:fontName - Assigning font /F1 (subset 1) = FontPath('/u01/nackerle/gitlab/quality-control/calibration-analyzer/.venv/lib/python3.12/site-packages/matplotlib/mpl-data/fonts/ttf/DejaVuSans.ttf', 0)
DEBUG    backend_pdf.py:matplotlib.backends.backend_pdf:fontName - Assigning font /F2 (subset 0) = FontPath('/u01/nackerle/gitlab/quality-control/calibration-analyzer/.venv/lib/python3.12/site-packages/matplotlib/mpl-data/fonts/ttf/DejaVuSans.ttf', 0)
DEBUG    backend_pdf.py:matplotlib.backends.backend_pdf:writeFonts - Embedding font FontPath('/u01/nackerle/gitlab/quality-control/calibration-analyzer/.venv/lib/python3.12/site-packages/matplotlib/mpl-data/fonts/ttf/DejaVuSans.ttf', 0):0.
DEBUG    backend_pdf.py:matplotlib.backends.backend_pdf:writeFonts - Writing TrueType font.
DEBUG    backend_pdf.py:matplotlib.backends.backend_pdf:writeFonts - Embedding font FontPath('/u01/nackerle/gitlab/quality-control/calibration-analyzer/.venv/lib/python3.12/site-packages/matplotlib/mpl-data/fonts/ttf/DejaVuSans.ttf', 0):1.
DEBUG    backend_pdf.py:matplotlib.backends.backend_pdf:writeFonts - Writing TrueType font.
INFO     arbitrary_analyzer.py:CalibrationAnalyzer:_save_image - check_end_XX.YKAT1..SH_20200110.1529.pdf
DEBUG    backend_pdf.py:matplotlib.backends.backend_pdf:fontName - Assigning font /F1 (subset 1) = FontPath('/u01/nackerle/gitlab/quality-control/calibration-analyzer/.venv/lib/python3.12/site-packages/matplotlib/mpl-data/fonts/ttf/DejaVuSans.ttf', 0)
DEBUG    backend_pdf.py:matplotlib.backends.backend_pdf:fontName - Assigning font /F2 (subset 0) = FontPath('/u01/nackerle/gitlab/quality-control/calibration-analyzer/.venv/lib/python3.12/site-packages/matplotlib/mpl-data/fonts/ttf/DejaVuSans.ttf', 0)
DEBUG    backend_pdf.py:matplotlib.backends.backend_pdf:writeFonts - Embedding font FontPath('/u01/nackerle/gitlab/quality-control/calibration-analyzer/.venv/lib/python3.12/site-packages/matplotlib/mpl-data/fonts/ttf/DejaVuSans.ttf', 0):0.
DEBUG    backend_pdf.py:matplotlib.backends.backend_pdf:writeFonts - Writing TrueType font.
DEBUG    backend_pdf.py:matplotlib.backends.backend_pdf:writeFonts - Embedding font FontPath('/u01/nackerle/gitlab/quality-control/calibration-analyzer/.venv/lib/python3.12/site-packages/matplotlib/mpl-data/fonts/ttf/DejaVuSans.ttf', 0):1.
DEBUG    backend_pdf.py:matplotlib.backends.backend_pdf:writeFonts - Writing TrueType font.
DEBUG    arbitrary_analyzer.py:CalibrationAnalyzer:voltage - Digitizer sensitivities (input): 2358500.0 counts/V
DEBUG    arbitrary_analyzer.py:CalibrationAnalyzer:voltage - Digitizer sensitivities (output): 349160.0 counts/V
INFO     stft.py:Stft:compute - 23 segments from 0.02 to 20 Hz
INFO     arbitrary_analyzer.py:CalibrationAnalyzer:set_calper - Obtained calper from first sensor stage: {calper} s
DEBUG    arbitrary_analyzer.py:CalibrationAnalyzer:fit - ZerosPolesGainContinuous(
array([0.+0.j]),
array([  -3.9172-4.9127j,   -3.9172+4.9127j, -420.97  +0.j    ]),
np.float64(20074.120043561485),
dt: None
)
DEBUG    arbitrary_analyzer.py:CalibrationAnalyzer:fit - ZerosPolesGainContinuous(
array([], dtype=float64),
array([0]),
np.float64(25.132741228718345),
dt: None
)
INFO     arbitrary_analyzer.py:CalibrationAnalyzer:fit - Nominal zeros: 
INFO     arbitrary_analyzer.py:CalibrationAnalyzer:fit - Nominal poles: 1.00 Hz (ζ = 0.623), 67.0 Hz
INFO     arbitrary_analyzer.py:CalibrationAnalyzer:fit - Nominal sensitivity [V/(m/s) at 4 Hz]: 15647
INFO     arbitrary_analyzer.py:CalibrationAnalyzer:fit - Fitting: Z
INFO     fit_response.py:calan.fit_response:fit_response - Fixing 0 zeros and 1 poles at nominal values.
INFO     fit_response.py:calan.fit_response:extract_coefficients - Fixing 2 zeros at zero.
INFO     fit_response.py:calan.fit_response:fit_response - Fitting numerator/denominator degrees 2/3 at 799 frequencies.
INFO     fit_response.py:calan.fit_response:fit_response - Method: line_search
INFO     fit_response.py:calan.fit_response:fit_response - Termination: Minimum gradient reached.
INFO     fit_response.py:calan.fit_response:fit_response - Cost reduced from 1e+02 to 12 in 4 iterations.
DEBUG    arbitrary_analyzer.py:CalibrationAnalyzer:fit - ZerosPolesGainContinuous(
array([0.]),
array([  -4.580001-4.117607j,   -4.580001+4.117607j,
       -422.354164+0.j      ]),
np.float64(22833.679676079333),
dt: None
)
INFO     arbitrary_analyzer.py:CalibrationAnalyzer:fit - Fit zeros: 
INFO     arbitrary_analyzer.py:CalibrationAnalyzer:fit - Fit poles: 0.980 Hz (ζ = 0.744), 67.2 Hz
INFO     arbitrary_analyzer.py:CalibrationAnalyzer:fit - Fit sensitivity [V/(m/s) at 4 Hz]: 17385
WARNING  arbitrary_analyzer.py:CalibrationAnalyzer:test - Amplitude: Z: FAIL
WARNING  arbitrary_analyzer.py:CalibrationAnalyzer:test - Phase: Z: FAIL
INFO     arbitrary_analyzer.py:CalibrationAnalyzer:estimate_errors - gain error 11.0% ±0.2% (95% conf.)
INFO     arbitrary_analyzer.py:CalibrationAnalyzer:estimate_errors - timing error 0.33ms ±40us (95% conf.)
INFO     arbitrary_analyzer.py:CalibrationAnalyzer:_save_image - transfer_function_nominal_system_removed_XX.YKAT1..SH_20200110.1529.pdf
DEBUG    backend_pdf.py:matplotlib.backends.backend_pdf:fontName - Assigning font /F1 (subset 1) = FontPath('/u01/nackerle/gitlab/quality-control/calibration-analyzer/.venv/lib/python3.12/site-packages/matplotlib/mpl-data/fonts/ttf/DejaVuSans.ttf', 0)
DEBUG    backend_pdf.py:matplotlib.backends.backend_pdf:fontName - Assigning font /F2 (subset 0) = FontPath('/u01/nackerle/gitlab/quality-control/calibration-analyzer/.venv/lib/python3.12/site-packages/matplotlib/mpl-data/fonts/ttf/DejaVuSans.ttf', 0)
DEBUG    backend_pdf.py:matplotlib.backends.backend_pdf:writeFonts - Embedding font FontPath('/u01/nackerle/gitlab/quality-control/calibration-analyzer/.venv/lib/python3.12/site-packages/matplotlib/mpl-data/fonts/ttf/DejaVuSans.ttf', 0):0.
DEBUG    backend_pdf.py:matplotlib.backends.backend_pdf:writeFonts - Writing TrueType font.
DEBUG    backend_pdf.py:matplotlib.backends.backend_pdf:writeFonts - Embedding font FontPath('/u01/nackerle/gitlab/quality-control/calibration-analyzer/.venv/lib/python3.12/site-packages/matplotlib/mpl-data/fonts/ttf/DejaVuSans.ttf', 0):1.
DEBUG    backend_pdf.py:matplotlib.backends.backend_pdf:writeFonts - Writing TrueType font.
INFO     arbitrary_analyzer.py:CalibrationAnalyzer:_save_image - transfer_function_nominal_cal_removed_XX.YKAT1..SH_20200110.1529.pdf
DEBUG    backend_pdf.py:matplotlib.backends.backend_pdf:fontName - Assigning font /F1 (subset 0) = FontPath('/u01/nackerle/gitlab/quality-control/calibration-analyzer/.venv/lib/python3.12/site-packages/matplotlib/mpl-data/fonts/ttf/DejaVuSans.ttf', 0)
DEBUG    backend_pdf.py:matplotlib.backends.backend_pdf:fontName - Assigning font /F2 (subset 1) = FontPath('/u01/nackerle/gitlab/quality-control/calibration-analyzer/.venv/lib/python3.12/site-packages/matplotlib/mpl-data/fonts/ttf/DejaVuSans.ttf', 0)
DEBUG    backend_pdf.py:matplotlib.backends.backend_pdf:writeFonts - Embedding font FontPath('/u01/nackerle/gitlab/quality-control/calibration-analyzer/.venv/lib/python3.12/site-packages/matplotlib/mpl-data/fonts/ttf/DejaVuSans.ttf', 0):0.
DEBUG    backend_pdf.py:matplotlib.backends.backend_pdf:writeFonts - Writing TrueType font.
DEBUG    backend_pdf.py:matplotlib.backends.backend_pdf:writeFonts - Embedding font FontPath('/u01/nackerle/gitlab/quality-control/calibration-analyzer/.venv/lib/python3.12/site-packages/matplotlib/mpl-data/fonts/ttf/DejaVuSans.ttf', 0):1.
DEBUG    backend_pdf.py:matplotlib.backends.backend_pdf:writeFonts - Writing TrueType font.
INFO     arbitrary_analyzer.py:CalibrationAnalyzer:_save_image - variance_XX.YKAT1..SH_20200110.1529.pdf
DEBUG    backend_pdf.py:matplotlib.backends.backend_pdf:fontName - Assigning font /F1 (subset 0) = FontPath('/u01/nackerle/gitlab/quality-control/calibration-analyzer/.venv/lib/python3.12/site-packages/matplotlib/mpl-data/fonts/ttf/DejaVuSans.ttf', 0)
DEBUG    backend_pdf.py:matplotlib.backends.backend_pdf:fontName - Assigning font /F2 (subset 1) = FontPath('/u01/nackerle/gitlab/quality-control/calibration-analyzer/.venv/lib/python3.12/site-packages/matplotlib/mpl-data/fonts/ttf/DejaVuSans.ttf', 0)
DEBUG    backend_pdf.py:matplotlib.backends.backend_pdf:writeFonts - Embedding font FontPath('/u01/nackerle/gitlab/quality-control/calibration-analyzer/.venv/lib/python3.12/site-packages/matplotlib/mpl-data/fonts/ttf/DejaVuSans.ttf', 0):0.
DEBUG    backend_pdf.py:matplotlib.backends.backend_pdf:writeFonts - Writing TrueType font.
DEBUG    backend_pdf.py:matplotlib.backends.backend_pdf:writeFonts - Embedding font FontPath('/u01/nackerle/gitlab/quality-control/calibration-analyzer/.venv/lib/python3.12/site-packages/matplotlib/mpl-data/fonts/ttf/DejaVuSans.ttf', 0):1.
DEBUG    backend_pdf.py:matplotlib.backends.backend_pdf:writeFonts - Writing TrueType font.
INFO     arbitrary_analyzer.py:calan.arbitrary_analyzer:arbitrary_analyzer - Summary: arbitrary_analyzer_fit2.csv
INFO     core.py:calan.arbitrary_analyzer:start_logger - arbitrary_analyzer.log: calan v0.0.0
INFO     arbitrary_analyzer.py:calan.arbitrary_analyzer:main - Arguments: --plot basic --fit 2 --out-of-band 5 2 --response-pattern XX.YKAT1.xml --calibration-response-file XX.YKAT1.xml --pattern ../temperature/PRB_-36.00_Output.mseed --fmt PDF
INFO     arbitrary_analyzer.py:calan.arbitrary_analyzer:arbitrary_analyzer - calan v0.0.0
INFO     arbitrary_analyzer.py:CalibrationAnalyzer:load_stream - ../temperature/PRB_-36.00_Output.mseed
INFO     arbitrary_analyzer.py:CalibrationAnalyzer:load_stream - ../temperature/PRB_-36.00_Input.mseed
INFO     arbitrary_analyzer.py:CalibrationAnalyzer:load_stream - Read 0 days 00:10:04 at 40 sps
INFO     arbitrary_analyzer.py:CalibrationAnalyzer:load_response - Searching XX.YKAT1.xml for: XX.YKAT1..SHZ
INFO     arbitrary_analyzer.py:CalibrationAnalyzer:load_response - XX.YKAT1.xml: XX.YKAT1..SHZ
WARNING  arbitrary_analyzer.py:CalibrationAnalyzer:check_response - Instrument sensitivity, 1.0946e+10 counts/(m/s), should be close to that of cascaded stages, 1.09266e+10 counts/(m/s), but is not used
INFO     arbitrary_analyzer.py:CalibrationAnalyzer:load_response - First stage gain frequency 4 Hz => calper 0.25 s
DEBUG    arbitrary_analyzer.py:CalibrationAnalyzer:load_response - Channel Response
	From m/s (velocity) to counts (Digital Counts)
	Overall Sensitivity: 1.0946e+10 defined at 4.000 Hz
	12 stages:
		Stage 1: PolesZerosResponseStage from m/s to V, gain: 391.87
		Stage 2: PolesZerosResponseStage from V to V, gain: 40
		Stage 3: ResponseStage from V to V, gain: 2
		Stage 4: CoefficientsTypeResponseStage from V to counts, gain: 349160
		Stage 5: CoefficientsTypeResponseStage from counts to counts, gain: 1
		Stage 6: CoefficientsTypeResponseStage from counts to counts, gain: 1
		Stage 7: CoefficientsTypeResponseStage from counts to counts, gain: 1
		Stage 8: CoefficientsTypeResponseStage from counts to counts, gain: 1
		Stage 9: CoefficientsTypeResponseStage from counts to counts, gain: 1
		Stage 10: CoefficientsTypeResponseStage from counts to counts, gain: 1
		Stage 11: CoefficientsTypeResponseStage from counts to counts, gain: 1
		Stage 12: CoefficientsTypeResponseStage from counts to counts, gain: 1
INFO     arbitrary_analyzer.py:CalibrationAnalyzer:load_calibration_signal - Waveform data already includes calibration channel.
INFO     arbitrary_analyzer.py:CalibrationAnalyzer:load_calibration_response - XX.YKAT1.xml
DEBUG    arbitrary_analyzer.py:CalibrationAnalyzer:load_calibration_response - Channel Response
	From m/s**2 (acceleration) to counts (Digital Counts)
	Overall Sensitivity: 1.53188e+09 defined at UNKNOWN Hz
	12 stages:
		Stage 1: PolesZerosResponseStage from m/s**2 to A, gain: 25.3165
		Stage 2: PolesZerosResponseStage from V to A, gain: 25.6558
		Stage 3: ResponseStage from A to A, gain: 1
		Stage 4: CoefficientsTypeResponseStage from V to counts, gain: 2.3585e+06
		Stage 5: CoefficientsTypeResponseStage from counts to counts, gain: 1
		Stage 6: CoefficientsTypeResponseStage from counts to counts, gain: 1
		Stage 7: CoefficientsTypeResponseStage from counts to counts, gain: 1
		Stage 8: CoefficientsTypeResponseStage from counts to counts, gain: 1
		Stage 9: CoefficientsTypeResponseStage from counts to counts, gain: 1
		Stage 10: CoefficientsTypeResponseStage from counts to counts, gain: 1
		Stage 11: CoefficientsTypeResponseStage from counts to counts, gain: 1
		Stage 12: CoefficientsTypeResponseStage from counts to counts, gain: 1
DEBUG    arbitrary_analyzer.py:CalibrationAnalyzer:check_stream - 2 Trace(s) in Stream:
XX.YKAT1..SHZ | 2020-01-10T15:29:32.450000Z - 2020-01-10T15:39:36.450000Z | 40.0 Hz, 24161 samples
XX.YKAT1..SHC | 2020-01-10T15:29:32.450000Z - 2020-01-10T15:39:36.450000Z | 40.0 Hz, 24161 samples
DEBUG    arbitrary_analyzer.py:CalibrationAnalyzer:setup_nominal_responses - Sensor: ZerosPolesGainContinuous(
array([0.+0.j, 0.+0.j]),
array([  -3.9172-4.9127j,   -3.9172+4.9127j, -420.97  +0.j    ]),
np.float64(6519203.996275072),
dt: None
)
DEBUG    arbitrary_analyzer.py:CalibrationAnalyzer:setup_nominal_responses - Integrating calibration response 1 times, to get from m/s**2 to m/s
DEBUG    arbitrary_analyzer.py:CalibrationAnalyzer:setup_nominal_responses - Cal: ZerosPolesGainContinuous(
array([], dtype=float64),
array([0.]),
array([0.003079]),
dt: None
)
DEBUG    arbitrary_analyzer.py:CalibrationAnalyzer:setup_nominal_responses - System: ZerosPolesGainContinuous(
array([0.+0.j]),
array([  -3.9172-4.9127j,   -3.9172+4.9127j, -420.97  +0.j    ]),
np.float64(20074.120043561485),
dt: None
)
INFO     arbitrary_analyzer.py:CalibrationAnalyzer:_save_image - check_start_XX.YKAT1..SH_20200110.1529.pdf
DEBUG    backend_pdf.py:matplotlib.backends.backend_pdf:fontName - Assigning font /F1 (subset 1) = FontPath('/u01/nackerle/gitlab/quality-control/calibration-analyzer/.venv/lib/python3.12/site-packages/matplotlib/mpl-data/fonts/ttf/DejaVuSans.ttf', 0)
DEBUG    backend_pdf.py:matplotlib.backends.backend_pdf:fontName - Assigning font /F2 (subset 0) = FontPath('/u01/nackerle/gitlab/quality-control/calibration-analyzer/.venv/lib/python3.12/site-packages/matplotlib/mpl-data/fonts/ttf/DejaVuSans.ttf', 0)
DEBUG    backend_pdf.py:matplotlib.backends.backend_pdf:writeFonts - Embedding font FontPath('/u01/nackerle/gitlab/quality-control/calibration-analyzer/.venv/lib/python3.12/site-packages/matplotlib/mpl-data/fonts/ttf/DejaVuSans.ttf', 0):0.
DEBUG    backend_pdf.py:matplotlib.backends.backend_pdf:writeFonts - Writing TrueType font.
DEBUG    backend_pdf.py:matplotlib.backends.backend_pdf:writeFonts - Embedding font FontPath('/u01/nackerle/gitlab/quality-control/calibration-analyzer/.venv/lib/python3.12/site-packages/matplotlib/mpl-data/fonts/ttf/DejaVuSans.ttf', 0):1.
DEBUG    backend_pdf.py:matplotlib.backends.backend_pdf:writeFonts - Writing TrueType font.
INFO     arbitrary_analyzer.py:CalibrationAnalyzer:_save_image - check_end_XX.YKAT1..SH_20200110.1529.pdf
DEBUG    backend_pdf.py:matplotlib.backends.backend_pdf:fontName - Assigning font /F1 (subset 1) = FontPath('/u01/nackerle/gitlab/quality-control/calibration-analyzer/.venv/lib/python3.12/site-packages/matplotlib/mpl-data/fonts/ttf/DejaVuSans.ttf', 0)
DEBUG    backend_pdf.py:matplotlib.backends.backend_pdf:fontName - Assigning font /F2 (subset 0) = FontPath('/u01/nackerle/gitlab/quality-control/calibration-analyzer/.venv/lib/python3.12/site-packages/matplotlib/mpl-data/fonts/ttf/DejaVuSans.ttf', 0)
DEBUG    backend_pdf.py:matplotlib.backends.backend_pdf:writeFonts - Embedding font FontPath('/u01/nackerle/gitlab/quality-control/calibration-analyzer/.venv/lib/python3.12/site-packages/matplotlib/mpl-data/fonts/ttf/DejaVuSans.ttf', 0):0.
DEBUG    backend_pdf.py:matplotlib.backends.backend_pdf:writeFonts - Writing TrueType font.
DEBUG    backend_pdf.py:matplotlib.backends.backend_pdf:writeFonts - Embedding font FontPath('/u01/nackerle/gitlab/quality-control/calibration-analyzer/.venv/lib/python3.12/site-packages/matplotlib/mpl-data/fonts/ttf/DejaVuSans.ttf', 0):1.
DEBUG    backend_pdf.py:matplotlib.backends.backend_pdf:writeFonts - Writing TrueType font.
DEBUG    arbitrary_analyzer.py:CalibrationAnalyzer:voltage - Digitizer sensitivities (input): 2358500.0 counts/V
DEBUG    arbitrary_analyzer.py:CalibrationAnalyzer:voltage - Digitizer sensitivities (output): 349160.0 counts/V
INFO     stft.py:Stft:compute - 23 segments from 0.02 to 20 Hz
INFO     arbitrary_analyzer.py:CalibrationAnalyzer:set_calper - Obtained calper from first sensor stage: {calper} s
DEBUG    arbitrary_analyzer.py:CalibrationAnalyzer:fit - ZerosPolesGainContinuous(
array([0.+0.j]),
array([  -3.9172-4.9127j,   -3.9172+4.9127j, -420.97  +0.j    ]),
np.float64(20074.120043561485),
dt: None
)
DEBUG    arbitrary_analyzer.py:CalibrationAnalyzer:fit - ZerosPolesGainContinuous(
array([], dtype=float64),
array([0]),
np.float64(25.132741228718345),
dt: None
)
INFO     arbitrary_analyzer.py:CalibrationAnalyzer:fit - Nominal zeros: 
INFO     arbitrary_analyzer.py:CalibrationAnalyzer:fit - Nominal poles: 1.00 Hz (ζ = 0.623), 67.0 Hz
INFO     arbitrary_analyzer.py:CalibrationAnalyzer:fit - Nominal sensitivity [V/(m/s) at 4 Hz]: 15647
INFO     arbitrary_analyzer.py:CalibrationAnalyzer:fit - Fitting: Z
INFO     fit_response.py:calan.fit_response:fit_response - Fixing 0 zeros and 1 poles at nominal values.
INFO     fit_response.py:calan.fit_response:extract_coefficients - Fixing 2 zeros at zero.
INFO     fit_response.py:calan.fit_response:fit_response - Fitting numerator/denominator degrees 2/3 at 799 frequencies.
INFO     fit_response.py:calan.fit_response:fit_response - Method: line_search
INFO     fit_response.py:calan.fit_response:fit_response - Termination: Minimum gradient reached.
INFO     fit_response.py:calan.fit_response:fit_response - Cost reduced from 1e+02 to 12 in 4 iterations.
DEBUG    arbitrary_analyzer.py:CalibrationAnalyzer:fit - ZerosPolesGainContinuous(
array([0.]),
array([  -4.580001-4.117607j,   -4.580001+4.117607j,
       -422.354164+0.j      ]),
np.float64(22833.679676079333),
dt: None
)
INFO     arbitrary_analyzer.py:CalibrationAnalyzer:fit - Fit zeros: 
INFO     arbitrary_analyzer.py:CalibrationAnalyzer:fit - Fit poles: 0.980 Hz (ζ = 0.744), 67.2 Hz
INFO     arbitrary_analyzer.py:CalibrationAnalyzer:fit - Fit sensitivity [V/(m/s) at 4 Hz]: 17385
WARNING  arbitrary_analyzer.py:CalibrationAnalyzer:test - Amplitude: Z: FAIL
WARNING  arbitrary_analyzer.py:CalibrationAnalyzer:test - Phase: Z: FAIL
INFO     arbitrary_analyzer.py:CalibrationAnalyzer:estimate_errors - gain error 11.0% ±0.2% (95% conf.)
INFO     arbitrary_analyzer.py:CalibrationAnalyzer:estimate_errors - timing error 0.33ms ±40us (95% conf.)
INFO     arbitrary_analyzer.py:CalibrationAnalyzer:_save_image - transfer_function_nominal_system_removed_XX.YKAT1..SH_20200110.1529.pdf
DEBUG    backend_pdf.py:matplotlib.backends.backend_pdf:fontName - Assigning font /F1 (subset 1) = FontPath('/u01/nackerle/gitlab/quality-control/calibration-analyzer/.venv/lib/python3.12/site-packages/matplotlib/mpl-data/fonts/ttf/DejaVuSans.ttf', 0)
DEBUG    backend_pdf.py:matplotlib.backends.backend_pdf:fontName - Assigning font /F2 (subset 0) = FontPath('/u01/nackerle/gitlab/quality-control/calibration-analyzer/.venv/lib/python3.12/site-packages/matplotlib/mpl-data/fonts/ttf/DejaVuSans.ttf', 0)
DEBUG    backend_pdf.py:matplotlib.backends.backend_pdf:writeFonts - Embedding font FontPath('/u01/nackerle/gitlab/quality-control/calibration-analyzer/.venv/lib/python3.12/site-packages/matplotlib/mpl-data/fonts/ttf/DejaVuSans.ttf', 0):0.
DEBUG    backend_pdf.py:matplotlib.backends.backend_pdf:writeFonts - Writing TrueType font.
DEBUG    backend_pdf.py:matplotlib.backends.backend_pdf:writeFonts - Embedding font FontPath('/u01/nackerle/gitlab/quality-control/calibration-analyzer/.venv/lib/python3.12/site-packages/matplotlib/mpl-data/fonts/ttf/DejaVuSans.ttf', 0):1.
DEBUG    backend_pdf.py:matplotlib.backends.backend_pdf:writeFonts - Writing TrueType font.
INFO     arbitrary_analyzer.py:CalibrationAnalyzer:_save_image - transfer_function_nominal_cal_removed_XX.YKAT1..SH_20200110.1529.pdf
DEBUG    backend_pdf.py:matplotlib.backends.backend_pdf:fontName - Assigning font /F1 (subset 0) = FontPath('/u01/nackerle/gitlab/quality-control/calibration-analyzer/.venv/lib/python3.12/site-packages/matplotlib/mpl-data/fonts/ttf/DejaVuSans.ttf', 0)
DEBUG    backend_pdf.py:matplotlib.backends.backend_pdf:fontName - Assigning font /F2 (subset 1) = FontPath('/u01/nackerle/gitlab/quality-control/calibration-analyzer/.venv/lib/python3.12/site-packages/matplotlib/mpl-data/fonts/ttf/DejaVuSans.ttf', 0)
DEBUG    backend_pdf.py:matplotlib.backends.backend_pdf:writeFonts - Embedding font FontPath('/u01/nackerle/gitlab/quality-control/calibration-analyzer/.venv/lib/python3.12/site-packages/matplotlib/mpl-data/fonts/ttf/DejaVuSans.ttf', 0):0.
DEBUG    backend_pdf.py:matplotlib.backends.backend_pdf:writeFonts - Writing TrueType font.
DEBUG    backend_pdf.py:matplotlib.backends.backend_pdf:writeFonts - Embedding font FontPath('/u01/nackerle/gitlab/quality-control/calibration-analyzer/.venv/lib/python3.12/site-packages/matplotlib/mpl-data/fonts/ttf/DejaVuSans.ttf', 0):1.
DEBUG    backend_pdf.py:matplotlib.backends.backend_pdf:writeFonts - Writing TrueType font.
INFO     arbitrary_analyzer.py:CalibrationAnalyzer:_save_image - variance_XX.YKAT1..SH_20200110.1529.pdf
DEBUG    backend_pdf.py:matplotlib.backends.backend_pdf:fontName - Assigning font /F1 (subset 0) = FontPath('/u01/nackerle/gitlab/quality-control/calibration-analyzer/.venv/lib/python3.12/site-packages/matplotlib/mpl-data/fonts/ttf/DejaVuSans.ttf', 0)
DEBUG    backend_pdf.py:matplotlib.backends.backend_pdf:fontName - Assigning font /F2 (subset 1) = FontPath('/u01/nackerle/gitlab/quality-control/calibration-analyzer/.venv/lib/python3.12/site-packages/matplotlib/mpl-data/fonts/ttf/DejaVuSans.ttf', 0)
DEBUG    backend_pdf.py:matplotlib.backends.backend_pdf:writeFonts - Embedding font FontPath('/u01/nackerle/gitlab/quality-control/calibration-analyzer/.venv/lib/python3.12/site-packages/matplotlib/mpl-data/fonts/ttf/DejaVuSans.ttf', 0):0.
DEBUG    backend_pdf.py:matplotlib.backends.backend_pdf:writeFonts - Writing TrueType font.
DEBUG    backend_pdf.py:matplotlib.backends.backend_pdf:writeFonts - Embedding font FontPath('/u01/nackerle/gitlab/quality-control/calibration-analyzer/.venv/lib/python3.12/site-packages/matplotlib/mpl-data/fonts/ttf/DejaVuSans.ttf', 0):1.
DEBUG    backend_pdf.py:matplotlib.backends.backend_pdf:writeFonts - Writing TrueType font.
INFO     arbitrary_analyzer.py:calan.arbitrary_analyzer:arbitrary_analyzer - Summary: arbitrary_analyzer_fit2.csv
