INFO     shared.py:__main__:get_logger - Logfile: ~/studies/calibration/manufacturer/manufacturer_data.log
INFO     manufacturer_data.py:__main__:<module> - Client: http://fdsn.seismo.nrcan.gc.ca
INFO     manufacturer_data.py:__main__:<module> - Loading: ~/studies/calibration/manufacturer/CalibrationSheets.csv
INFO     manufacturer_data.py:__main__:<module> - Saving: CN.YKA_existing.xml
INFO     manufacturer_data.py:__main__:<module> - Writing: XX.YKNOM.xml
INFO     manufacturer_data.py:__main__:<module> - Updating: YKAB0
INFO     manufacturer_data.py:__main__:<module> - Updating: YKAB1
INFO     manufacturer_data.py:__main__:<module> - Updating: YKAB2
INFO     manufacturer_data.py:__main__:<module> - Updating: YKAB3
INFO     manufacturer_data.py:__main__:<module> - Updating: YKAB4
INFO     manufacturer_data.py:__main__:<module> - Updating: YKAB6
INFO     manufacturer_data.py:__main__:<module> - Updating: YKAB7
INFO     manufacturer_data.py:__main__:<module> - Updating: YKAB8
INFO     manufacturer_data.py:__main__:<module> - Updating: YKAB9
INFO     manufacturer_data.py:__main__:<module> - Updating: YKAR1
INFO     manufacturer_data.py:__main__:<module> - Updating: YKAR2
INFO     manufacturer_data.py:__main__:<module> - Updating: YKAR3
INFO     manufacturer_data.py:__main__:<module> - Updating: YKAR4
INFO     manufacturer_data.py:__main__:<module> - Updating: YKAR5
INFO     manufacturer_data.py:__main__:<module> - Updating: YKAR6
INFO     manufacturer_data.py:__main__:<module> - Updating: YKAR7
INFO     manufacturer_data.py:__main__:<module> - Updating: YKAR8
INFO     manufacturer_data.py:__main__:<module> - Updating: YKAR9
INFO     manufacturer_data.py:__main__:<module> - Writing: XX.YKAT1.xml
INFO     manufacturer_data.py:__main__:<module> - Writing: XX.IDEAL.xml
INFO     manufacturer_data.py:__main__:<module> - Saving: CN.YKA_new.xml
INFO     manufacturer_data.py:__main__:<module> - Saving: ~/studies/calibration/manufacturer/CalibrationSheetsDerived.csv
