INFO     core.py:__main__:start_logger - Logfile: ~/src/station-tools/examples/PoleZeroFitting/ShortPeriod_IMS/calibration_analyzer.log
INFO     core.py:__main__:start_logger - Package: calan v1.2.6+16.gf77cfec.dirty
INFO     calibration_analyzer.py:__main__:main - Arguments: --response-pattern XX.YKAT1.xml --ims-instrument-type S-13 --plot basic --fit 2 --out-of-band 5 2 --calibration-response-file XX.YKAT1.xml
INFO     calibration_analyzer.py:__main__:calibration_analyzer - calan 1.2.6+16.gf77cfec.dirty
INFO     calibration_analyzer.py:CalibrationAnalyzer:load_stream - PRB_+30.19_Output.mseed
INFO     calibration_analyzer.py:CalibrationAnalyzer:load_stream - PRB_+30.19_Input.mseed
INFO     calibration_analyzer.py:CalibrationAnalyzer:load_stream - Read 0 days 00:10:04 at 40 sps
INFO     calibration_analyzer.py:CalibrationAnalyzer:load_response - Searching XX.YKAT1.xml for: XX.YKAT1..SHZ
INFO     calibration_analyzer.py:CalibrationAnalyzer:load_response - XX.YKAT1.xml: XX.YKAT1..SHZ
WARNING  calibration_analyzer.py:CalibrationAnalyzer:check_response - Instrument sensitivity, 1.0946e+10 counts/(m/s), should be close to that of cascaded stages, 1.09266e+10 counts/(m/s), but is not used
INFO     calibration_analyzer.py:CalibrationAnalyzer:load_response - First stage gain frequency 4 Hz => calper 0.25 s
DEBUG    calibration_analyzer.py:CalibrationAnalyzer:load_response - Channel Response
	From m/s (velocity) to counts (Digital Counts)
	Overall Sensitivity: 1.0946e+10 defined at 4.000 Hz
	12 stages:
		Stage 1: PolesZerosResponseStage from m/s to V, gain: 391.87
		Stage 2: PolesZerosResponseStage from V to V, gain: 40
		Stage 3: ResponseStage from V to V, gain: 2
		Stage 4: CoefficientsTypeResponseStage from V to counts, gain: 349160
		Stage 5: CoefficientsTypeResponseStage from counts to counts, gain: 1
		Stage 6: CoefficientsTypeResponseStage from counts to counts, gain: 1
		Stage 7: CoefficientsTypeResponseStage from counts to counts, gain: 1
		Stage 8: CoefficientsTypeResponseStage from counts to counts, gain: 1
		Stage 9: CoefficientsTypeResponseStage from counts to counts, gain: 1
		Stage 10: CoefficientsTypeResponseStage from counts to counts, gain: 1
		Stage 11: CoefficientsTypeResponseStage from counts to counts, gain: 1
		Stage 12: CoefficientsTypeResponseStage from counts to counts, gain: 1
INFO     calibration_analyzer.py:CalibrationAnalyzer:load_calibration_signal - Waveform data already includes calibration channel.
INFO     calibration_analyzer.py:CalibrationAnalyzer:load_calibration_response - XX.YKAT1.xml
DEBUG    calibration_analyzer.py:CalibrationAnalyzer:load_calibration_response - Channel Response
	From m/s**2 (acceleration) to counts (Digital Counts)
	Overall Sensitivity: 1.53188e+09 defined at UNKNOWN Hz
	12 stages:
		Stage 1: PolesZerosResponseStage from m/s**2 to A, gain: 25.3165
		Stage 2: PolesZerosResponseStage from V to A, gain: 25.6558
		Stage 3: ResponseStage from A to A, gain: 1
		Stage 4: CoefficientsTypeResponseStage from V to counts, gain: 2.3585e+06
		Stage 5: CoefficientsTypeResponseStage from counts to counts, gain: 1
		Stage 6: CoefficientsTypeResponseStage from counts to counts, gain: 1
		Stage 7: CoefficientsTypeResponseStage from counts to counts, gain: 1
		Stage 8: CoefficientsTypeResponseStage from counts to counts, gain: 1
		Stage 9: CoefficientsTypeResponseStage from counts to counts, gain: 1
		Stage 10: CoefficientsTypeResponseStage from counts to counts, gain: 1
		Stage 11: CoefficientsTypeResponseStage from counts to counts, gain: 1
		Stage 12: CoefficientsTypeResponseStage from counts to counts, gain: 1
DEBUG    calibration_analyzer.py:CalibrationAnalyzer:check_stream - 2 Trace(s) in Stream:
XX.YKAT1..SHZ | 2020-06-24T19:45:15.000000Z - 2020-06-24T19:55:19.000000Z | 40.0 Hz, 24161 samples
XX.YKAT1..SHC | 2020-06-24T19:45:15.000000Z - 2020-06-24T19:55:19.000000Z | 40.0 Hz, 24161 samples
DEBUG    calibration_analyzer.py:CalibrationAnalyzer:setup_nominal_responses - Sensor: ZerosPolesGainContinuous(
array([0.+0.j, 0.+0.j]),
array([  -3.9172-4.9127j,   -3.9172+4.9127j, -420.97  +0.j    ]),
6519203.996275072,
dt: None
)
DEBUG    calibration_analyzer.py:CalibrationAnalyzer:setup_nominal_responses - Integrating calibration response 1 times, to get from m/s**2 to m/s
DEBUG    calibration_analyzer.py:CalibrationAnalyzer:setup_nominal_responses - Cal: ZerosPolesGainContinuous(
array([], dtype=float64),
array([0.]),
array([0.003079]),
dt: None
)
DEBUG    calibration_analyzer.py:CalibrationAnalyzer:setup_nominal_responses - System: ZerosPolesGainContinuous(
array([0.+0.j]),
array([  -3.9172-4.9127j,   -3.9172+4.9127j, -420.97  +0.j    ]),
20074.120043561485,
dt: None
)
INFO     calibration_analyzer.py:CalibrationAnalyzer:_save_image - check_start_XX.YKAT1..SH_20200624.1945.png
INFO     calibration_analyzer.py:CalibrationAnalyzer:_save_image - check_end_XX.YKAT1..SH_20200624.1945.png
DEBUG    calibration_analyzer.py:CalibrationAnalyzer:voltage - Digitizer sensitivities (input): 2358500.0 counts/V
DEBUG    calibration_analyzer.py:CalibrationAnalyzer:voltage - Digitizer sensitivities (output): 349160.0 counts/V
INFO     stft.py:Stft:compute - 23 segments from 0.02 to 20 Hz
INFO     calibration_analyzer.py:CalibrationAnalyzer:set_calper - Obtained calper from first sensor stage: {calper} s
DEBUG    calibration_analyzer.py:CalibrationAnalyzer:fit - ZerosPolesGainContinuous(
array([0.+0.j]),
array([  -3.9172-4.9127j,   -3.9172+4.9127j, -420.97  +0.j    ]),
20074.120043561485,
dt: None
)
DEBUG    calibration_analyzer.py:CalibrationAnalyzer:fit - ZerosPolesGainContinuous(
array([], dtype=float64),
array([0]),
25.132741228718345,
dt: None
)
INFO     calibration_analyzer.py:CalibrationAnalyzer:fit - Nominal zeros: 
INFO     calibration_analyzer.py:CalibrationAnalyzer:fit - Nominal poles: 1.00 Hz (ζ = 0.623), 67.0 Hz
INFO     calibration_analyzer.py:CalibrationAnalyzer:fit - Nominal sensitivity [V/(m/s) at 4 Hz]: 15647
INFO     calibration_analyzer.py:CalibrationAnalyzer:fit - Fitting: Z
INFO     fit_response.py:calan.fit_response:fit_response - Fixing 0 zeros and 1 poles at nominal values.
INFO     fit_response.py:calan.fit_response:extract_coefficients - Fixing 2 zeros at zero.
INFO     fit_response.py:calan.fit_response:fit_response - Fitting numerator/denominator degrees 2/3 at 799 frequencies.
INFO     fit_response.py:calan.fit_response:fit_response - Method: line_search
INFO     fit_response.py:calan.fit_response:fit_response - Termination: Minimum gradient reached.
INFO     fit_response.py:calan.fit_response:fit_response - Cost reduced from 37 to 9.3 in 3 iterations.
DEBUG    calibration_analyzer.py:CalibrationAnalyzer:fit - ZerosPolesGainContinuous(
array([0.]),
array([  -4.137389-4.652172j,   -4.137389+4.652172j,
       -408.66007 +0.j      ]),
19006.613104350952,
dt: None
)
INFO     calibration_analyzer.py:CalibrationAnalyzer:fit - Fit zeros: 
INFO     calibration_analyzer.py:CalibrationAnalyzer:fit - Fit poles: 0.991 Hz (ζ = 0.665), 65.0 Hz
INFO     calibration_analyzer.py:CalibrationAnalyzer:fit - Fit sensitivity [V/(m/s) at 4 Hz]: 15156
WARNING  calibration_analyzer.py:CalibrationAnalyzer:test - Amplitude: Z: FAIL
INFO     calibration_analyzer.py:CalibrationAnalyzer:test - Phase: Z: PASS
INFO     calibration_analyzer.py:CalibrationAnalyzer:estimate_errors - gain error -2.79% ±0.09% (95% conf.)
INFO     calibration_analyzer.py:CalibrationAnalyzer:estimate_errors - timing error 0us ±20us (95% conf.)
INFO     calibration_analyzer.py:CalibrationAnalyzer:_save_image - transfer_function_nominal_system_removed_XX.YKAT1..SH_20200624.1945.png
INFO     calibration_analyzer.py:CalibrationAnalyzer:_save_image - transfer_function_nominal_cal_removed_XX.YKAT1..SH_20200624.1945.png
INFO     calibration_analyzer.py:CalibrationAnalyzer:_save_image - variance_XX.YKAT1..SH_20200624.1945.png
INFO     calibration_analyzer.py:CalibrationAnalyzer:write_calibrate_result - calibrate_result_YKAT1_20200624.1945.txt
INFO     calibration_analyzer.py:CalibrationAnalyzer:load_stream - PRB_-36.00_Output.mseed
INFO     calibration_analyzer.py:CalibrationAnalyzer:load_stream - PRB_-36.00_Input.mseed
INFO     calibration_analyzer.py:CalibrationAnalyzer:load_stream - Read 0 days 00:10:04 at 40 sps
INFO     calibration_analyzer.py:CalibrationAnalyzer:load_response - Searching XX.YKAT1.xml for: XX.YKAT1..SHZ
INFO     calibration_analyzer.py:CalibrationAnalyzer:load_response - XX.YKAT1.xml: XX.YKAT1..SHZ
WARNING  calibration_analyzer.py:CalibrationAnalyzer:check_response - Instrument sensitivity, 1.0946e+10 counts/(m/s), should be close to that of cascaded stages, 1.09266e+10 counts/(m/s), but is not used
INFO     calibration_analyzer.py:CalibrationAnalyzer:load_response - First stage gain frequency 4 Hz => calper 0.25 s
DEBUG    calibration_analyzer.py:CalibrationAnalyzer:load_response - Channel Response
	From m/s (velocity) to counts (Digital Counts)
	Overall Sensitivity: 1.0946e+10 defined at 4.000 Hz
	12 stages:
		Stage 1: PolesZerosResponseStage from m/s to V, gain: 391.87
		Stage 2: PolesZerosResponseStage from V to V, gain: 40
		Stage 3: ResponseStage from V to V, gain: 2
		Stage 4: CoefficientsTypeResponseStage from V to counts, gain: 349160
		Stage 5: CoefficientsTypeResponseStage from counts to counts, gain: 1
		Stage 6: CoefficientsTypeResponseStage from counts to counts, gain: 1
		Stage 7: CoefficientsTypeResponseStage from counts to counts, gain: 1
		Stage 8: CoefficientsTypeResponseStage from counts to counts, gain: 1
		Stage 9: CoefficientsTypeResponseStage from counts to counts, gain: 1
		Stage 10: CoefficientsTypeResponseStage from counts to counts, gain: 1
		Stage 11: CoefficientsTypeResponseStage from counts to counts, gain: 1
		Stage 12: CoefficientsTypeResponseStage from counts to counts, gain: 1
INFO     calibration_analyzer.py:CalibrationAnalyzer:load_calibration_signal - Waveform data already includes calibration channel.
INFO     calibration_analyzer.py:CalibrationAnalyzer:load_calibration_response - XX.YKAT1.xml
DEBUG    calibration_analyzer.py:CalibrationAnalyzer:load_calibration_response - Channel Response
	From m/s**2 (acceleration) to counts (Digital Counts)
	Overall Sensitivity: 1.53188e+09 defined at UNKNOWN Hz
	12 stages:
		Stage 1: PolesZerosResponseStage from m/s**2 to A, gain: 25.3165
		Stage 2: PolesZerosResponseStage from V to A, gain: 25.6558
		Stage 3: ResponseStage from A to A, gain: 1
		Stage 4: CoefficientsTypeResponseStage from V to counts, gain: 2.3585e+06
		Stage 5: CoefficientsTypeResponseStage from counts to counts, gain: 1
		Stage 6: CoefficientsTypeResponseStage from counts to counts, gain: 1
		Stage 7: CoefficientsTypeResponseStage from counts to counts, gain: 1
		Stage 8: CoefficientsTypeResponseStage from counts to counts, gain: 1
		Stage 9: CoefficientsTypeResponseStage from counts to counts, gain: 1
		Stage 10: CoefficientsTypeResponseStage from counts to counts, gain: 1
		Stage 11: CoefficientsTypeResponseStage from counts to counts, gain: 1
		Stage 12: CoefficientsTypeResponseStage from counts to counts, gain: 1
DEBUG    calibration_analyzer.py:CalibrationAnalyzer:check_stream - 2 Trace(s) in Stream:
XX.YKAT1..SHZ | 2020-01-10T15:29:32.450000Z - 2020-01-10T15:39:36.450000Z | 40.0 Hz, 24161 samples
XX.YKAT1..SHC | 2020-01-10T15:29:32.450000Z - 2020-01-10T15:39:36.450000Z | 40.0 Hz, 24161 samples
DEBUG    calibration_analyzer.py:CalibrationAnalyzer:setup_nominal_responses - Sensor: ZerosPolesGainContinuous(
array([0.+0.j, 0.+0.j]),
array([  -3.9172-4.9127j,   -3.9172+4.9127j, -420.97  +0.j    ]),
6519203.996275072,
dt: None
)
DEBUG    calibration_analyzer.py:CalibrationAnalyzer:setup_nominal_responses - Integrating calibration response 1 times, to get from m/s**2 to m/s
DEBUG    calibration_analyzer.py:CalibrationAnalyzer:setup_nominal_responses - Cal: ZerosPolesGainContinuous(
array([], dtype=float64),
array([0.]),
array([0.003079]),
dt: None
)
DEBUG    calibration_analyzer.py:CalibrationAnalyzer:setup_nominal_responses - System: ZerosPolesGainContinuous(
array([0.+0.j]),
array([  -3.9172-4.9127j,   -3.9172+4.9127j, -420.97  +0.j    ]),
20074.120043561485,
dt: None
)
INFO     calibration_analyzer.py:CalibrationAnalyzer:_save_image - check_start_XX.YKAT1..SH_20200110.1529.png
INFO     calibration_analyzer.py:CalibrationAnalyzer:_save_image - check_end_XX.YKAT1..SH_20200110.1529.png
DEBUG    calibration_analyzer.py:CalibrationAnalyzer:voltage - Digitizer sensitivities (input): 2358500.0 counts/V
DEBUG    calibration_analyzer.py:CalibrationAnalyzer:voltage - Digitizer sensitivities (output): 349160.0 counts/V
INFO     stft.py:Stft:compute - 23 segments from 0.02 to 20 Hz
INFO     calibration_analyzer.py:CalibrationAnalyzer:set_calper - Obtained calper from first sensor stage: {calper} s
DEBUG    calibration_analyzer.py:CalibrationAnalyzer:fit - ZerosPolesGainContinuous(
array([0.+0.j]),
array([  -3.9172-4.9127j,   -3.9172+4.9127j, -420.97  +0.j    ]),
20074.120043561485,
dt: None
)
DEBUG    calibration_analyzer.py:CalibrationAnalyzer:fit - ZerosPolesGainContinuous(
array([], dtype=float64),
array([0]),
25.132741228718345,
dt: None
)
INFO     calibration_analyzer.py:CalibrationAnalyzer:fit - Nominal zeros: 
INFO     calibration_analyzer.py:CalibrationAnalyzer:fit - Nominal poles: 1.00 Hz (ζ = 0.623), 67.0 Hz
INFO     calibration_analyzer.py:CalibrationAnalyzer:fit - Nominal sensitivity [V/(m/s) at 4 Hz]: 15647
INFO     calibration_analyzer.py:CalibrationAnalyzer:fit - Fitting: Z
INFO     fit_response.py:calan.fit_response:fit_response - Fixing 0 zeros and 1 poles at nominal values.
INFO     fit_response.py:calan.fit_response:extract_coefficients - Fixing 2 zeros at zero.
INFO     fit_response.py:calan.fit_response:fit_response - Fitting numerator/denominator degrees 2/3 at 799 frequencies.
INFO     fit_response.py:calan.fit_response:fit_response - Method: line_search
INFO     fit_response.py:calan.fit_response:fit_response - Termination: Minimum gradient reached.
INFO     fit_response.py:calan.fit_response:fit_response - Cost reduced from 1e+02 to 12 in 4 iterations.
DEBUG    calibration_analyzer.py:CalibrationAnalyzer:fit - ZerosPolesGainContinuous(
array([0.]),
array([  -4.580001-4.117607j,   -4.580001+4.117607j,
       -422.354164+0.j      ]),
22833.679676079322,
dt: None
)
INFO     calibration_analyzer.py:CalibrationAnalyzer:fit - Fit zeros: 
INFO     calibration_analyzer.py:CalibrationAnalyzer:fit - Fit poles: 0.980 Hz (ζ = 0.744), 67.2 Hz
INFO     calibration_analyzer.py:CalibrationAnalyzer:fit - Fit sensitivity [V/(m/s) at 4 Hz]: 17385
WARNING  calibration_analyzer.py:CalibrationAnalyzer:test - Amplitude: Z: FAIL
WARNING  calibration_analyzer.py:CalibrationAnalyzer:test - Phase: Z: FAIL
INFO     calibration_analyzer.py:CalibrationAnalyzer:estimate_errors - gain error 11.0% ±0.2% (95% conf.)
INFO     calibration_analyzer.py:CalibrationAnalyzer:estimate_errors - timing error 0.33ms ±40us (95% conf.)
INFO     calibration_analyzer.py:CalibrationAnalyzer:_save_image - transfer_function_nominal_system_removed_XX.YKAT1..SH_20200110.1529.png
INFO     calibration_analyzer.py:CalibrationAnalyzer:_save_image - transfer_function_nominal_cal_removed_XX.YKAT1..SH_20200110.1529.png
INFO     calibration_analyzer.py:CalibrationAnalyzer:_save_image - variance_XX.YKAT1..SH_20200110.1529.png
INFO     calibration_analyzer.py:CalibrationAnalyzer:write_calibrate_result - calibrate_result_YKAT1_20200110.1529.txt
INFO     calibration_analyzer.py:__main__:calibration_analyzer - Summary: calibration_analyzer.csv
