INFO     calibration_analyzer.py:CalibrationAnalyzer:load_stream - PRB_+30.19_Output.mseed
INFO     calibration_analyzer.py:CalibrationAnalyzer:load_stream - PRB_+30.19_Input.mseed
INFO     calibration_analyzer.py:CalibrationAnalyzer:load_response - Searching XX.YKAT1.xml for: XX.YKAT1..SHZ
INFO     calibration_analyzer.py:CalibrationAnalyzer:load_response - XX.YKAT1.xml: XX.YKAT1..SHZ
DEBUG    calibration_analyzer.py:CalibrationAnalyzer:load_response - Channel Response
	From m/s (velocity) to COUNTS (Digital Counts)
	Overall Sensitivity: 1.08379e+10 defined at 10.000 Hz
	12 stages:
		Stage 1: PolesZerosResponseStage from m/s to V, gain: 388
		Stage 2: PolesZerosResponseStage from V to V, gain: 40
		Stage 3: ResponseStage from V to V, gain: 2
		Stage 4: CoefficientsTypeResponseStage from V to COUNTS, gain: 349160
		Stage 5: CoefficientsTypeResponseStage from COUNTS to COUNTS, gain: 1
		Stage 6: CoefficientsTypeResponseStage from COUNTS to COUNTS, gain: 1
		Stage 7: CoefficientsTypeResponseStage from COUNTS to COUNTS, gain: 1
		Stage 8: CoefficientsTypeResponseStage from COUNTS to COUNTS, gain: 1
		Stage 9: CoefficientsTypeResponseStage from COUNTS to COUNTS, gain: 1
		Stage 10: CoefficientsTypeResponseStage from COUNTS to COUNTS, gain: 1
		Stage 11: CoefficientsTypeResponseStage from COUNTS to COUNTS, gain: 1
		Stage 12: CoefficientsTypeResponseStage from COUNTS to COUNTS, gain: 1
WARNING  calibration_analyzer.py:CalibrationAnalyzer:load_calibration_signal - Waveform data already includes calibration channel.
INFO     calibration_analyzer.py:CalibrationAnalyzer:load_calibration_response - XX.YKAT1.xml
DEBUG    calibration_analyzer.py:CalibrationAnalyzer:load_calibration_response - Channel Response
	From m/s**2 (acceleration) to COUNTS (Digital Counts)
	Overall Sensitivity: -2.26784e+08 defined at UNKNOWN Hz
	11 stages:
		Stage 1: PolesZerosResponseStage from m/s**2 to A, gain: -25.3165
		Stage 2: PolesZerosResponseStage from V to A, gain: 25.6558
		Stage 3: CoefficientsTypeResponseStage from V to COUNTS, gain: 349160
		Stage 4: CoefficientsTypeResponseStage from COUNTS to COUNTS, gain: 1
		Stage 5: CoefficientsTypeResponseStage from COUNTS to COUNTS, gain: 1
		Stage 6: CoefficientsTypeResponseStage from COUNTS to COUNTS, gain: 1
		Stage 7: CoefficientsTypeResponseStage from COUNTS to COUNTS, gain: 1
		Stage 8: CoefficientsTypeResponseStage from COUNTS to COUNTS, gain: 1
		Stage 9: CoefficientsTypeResponseStage from COUNTS to COUNTS, gain: 1
		Stage 10: CoefficientsTypeResponseStage from COUNTS to COUNTS, gain: 1
		Stage 11: CoefficientsTypeResponseStage from COUNTS to COUNTS, gain: 1
DEBUG    calibration_analyzer.py:CalibrationAnalyzer:check_stream - 2 Trace(s) in Stream:
XX.YKAT1..SHZ | 2020-06-24T19:45:15.000000Z - 2020-06-24T19:55:19.000000Z | 40.0 Hz, 24161 samples
XX.YKAT1..SHC | 2020-06-24T19:45:15.000000Z - 2020-06-24T19:55:19.000000Z | 40.0 Hz, 24161 samples
DEBUG    calibration_analyzer.py:CalibrationAnalyzer:setup_nominal_responses - Sensor: ZerosPolesGainContinuous(
array([0.+0.j, 0.+0.j]),
array([-3.9172-4.9127j, -3.9172+4.9127j]),
array([387.154569]),
dt: None
)
DEBUG    calibration_analyzer.py:CalibrationAnalyzer:setup_nominal_responses - Integrating 1 times, from m/s**2 to m/s
DEBUG    calibration_analyzer.py:CalibrationAnalyzer:setup_nominal_responses - Cal: ZerosPolesGainContinuous(
array([], dtype=float64),
array([0]),
array([0.0395]),
dt: None
)
DEBUG    calibration_analyzer.py:CalibrationAnalyzer:setup_nominal_responses - System: ZerosPolesGainContinuous(
array([0.+0.j]),
array([-3.9172-4.9127j, -3.9172+4.9127j]),
15.292605455913913,
dt: None
)
INFO     calibration_analyzer.py:CalibrationAnalyzer:_save_image - check_start_XX.YKAT1..SH_20200624.1945.png
INFO     calibration_analyzer.py:CalibrationAnalyzer:_save_image - check_end_XX.YKAT1..SH_20200624.1945.png
DEBUG    calibration_analyzer.py:CalibrationAnalyzer:voltage - Digitizer sensitivities: 8957970.547630003
DEBUG    calibration_analyzer.py:CalibrationAnalyzer:voltage - Digitizer sensitivities: 27932800.0
INFO     stft.py:Stft:compute - 23 segments from 0.02 to 20 Hz
DEBUG    calibration_analyzer.py:CalibrationAnalyzer:fit - ZerosPolesGainContinuous(
array([0.+0.j]),
array([-3.9172-4.9127j, -3.9172+4.9127j]),
15.292605455913913,
dt: None
)
DEBUG    calibration_analyzer.py:CalibrationAnalyzer:fit - ZerosPolesGainContinuous(
array([], dtype=float64),
array([], dtype=float64),
1.0,
dt: None
)
INFO     calibration_analyzer.py:CalibrationAnalyzer:fit - Nominal zeros [rad/s]: 
INFO     calibration_analyzer.py:CalibrationAnalyzer:fit - Nominal poles [rad/s]: 1.00 Hz (ζ = 0.623)
INFO     calibration_analyzer.py:CalibrationAnalyzer:fit - Nominal sensitivity [V/(m/s) at 10 Hz]: 388
INFO     calibration_analyzer.py:CalibrationAnalyzer:fit - Fitting: Z
INFO     fit_response.py:calan.fit_response:fit_response - Fixing 1 zeros at zero.
DEBUG    calibration_analyzer.py:CalibrationAnalyzer:fit - ZerosPolesGainContinuous(
array([0.]),
array([-2.902977-5.380643j, -2.902977+5.380643j]),
2.1458894188309103,
dt: None
)
INFO     calibration_analyzer.py:CalibrationAnalyzer:fit - Fit zeros [rad/s]: 
INFO     calibration_analyzer.py:CalibrationAnalyzer:fit - Fit poles [rad/s]: 0.973 Hz (ζ = 0.475)
INFO     calibration_analyzer.py:CalibrationAnalyzer:fit - Fit sensitivity [V/(m/s) at 10 Hz]: 54.608
INFO     calibration_analyzer.py:CalibrationAnalyzer:test - Result: Z: fail
INFO     calibration_analyzer.py:CalibrationAnalyzer:estimate_errors - gain error -85.745% ±0.01% (95% conf.)
INFO     calibration_analyzer.py:CalibrationAnalyzer:estimate_errors - timing error -2.35ms ±20us (95% conf.)
INFO     calibration_analyzer.py:CalibrationAnalyzer:_save_image - transfer_function_nominal_system_removed_estimate_errors_XX.YKAT1..SH_20200624.1945.png
INFO     calibration_analyzer.py:CalibrationAnalyzer:_save_image - transfer_function_nominal_cal_removed_estimate_errors_XX.YKAT1..SH_20200624.1945.png
INFO     calibration_analyzer.py:CalibrationAnalyzer:_save_image - variance_XX.YKAT1..SH_20200624.1945.png
INFO     calibration_analyzer.py:CalibrationAnalyzer:_save_image - transfer_function_XX.YKAT1..SH_20200624.1945.png
INFO     calibration_analyzer.py:CalibrationAnalyzer:_save_image - transfer_function_nominal_system_removed_estimate_errors_linear_XX.YKAT1..SH_20200624.1945.png
INFO     calibration_analyzer.py:CalibrationAnalyzer:_save_image - transfer_function_nominal_system_removed_correct_errors_XX.YKAT1..SH_20200624.1945.png
INFO     calibration_analyzer.py:CalibrationAnalyzer:_save_image - signal_to_noise_XX.YKAT1..SH_20200624.1945.png
INFO     calibration_analyzer.py:CalibrationAnalyzer:_save_image - response_sensor_XX.YKAT1..SH_20200624.1945.png
INFO     calibration_analyzer.py:CalibrationAnalyzer:_save_image - response_system_XX.YKAT1..SH_20200624.1945.png
INFO     calibration_analyzer.py:CalibrationAnalyzer:_save_image - response_cal_XX.YKAT1..SH_20200624.1945.png
DEBUG    calibration_analyzer.py:CalibrationAnalyzer:voltage - Digitizer sensitivities: 8957970.547630003
DEBUG    calibration_analyzer.py:CalibrationAnalyzer:voltage - Digitizer sensitivities: 27932800.0
INFO     calibration_analyzer.py:CalibrationAnalyzer:_save_image - simulated_XX.YKAT1..SH_20200624.1945.png
INFO     calibration_analyzer.py:CalibrationAnalyzer:_save_image - spectrogram_XX.YKAT1..SH_20200624.1945.png
INFO     calibration_analyzer.py:CalibrationAnalyzer:write_calibrate_result - calibrate_result_YKAT1_20200624.1945.txt
INFO     calibration_analyzer.py:CalibrationAnalyzer:load_stream - PRB_-36.00_Output.mseed
INFO     calibration_analyzer.py:CalibrationAnalyzer:load_stream - PRB_-36.00_Input.mseed
INFO     calibration_analyzer.py:CalibrationAnalyzer:load_response - Searching XX.YKAT1.xml for: XX.YKAT1..SHZ
INFO     calibration_analyzer.py:CalibrationAnalyzer:load_response - XX.YKAT1.xml: XX.YKAT1..SHZ
DEBUG    calibration_analyzer.py:CalibrationAnalyzer:load_response - Channel Response
	From m/s (velocity) to COUNTS (Digital Counts)
	Overall Sensitivity: 1.08379e+10 defined at 10.000 Hz
	12 stages:
		Stage 1: PolesZerosResponseStage from m/s to V, gain: 388
		Stage 2: PolesZerosResponseStage from V to V, gain: 40
		Stage 3: ResponseStage from V to V, gain: 2
		Stage 4: CoefficientsTypeResponseStage from V to COUNTS, gain: 349160
		Stage 5: CoefficientsTypeResponseStage from COUNTS to COUNTS, gain: 1
		Stage 6: CoefficientsTypeResponseStage from COUNTS to COUNTS, gain: 1
		Stage 7: CoefficientsTypeResponseStage from COUNTS to COUNTS, gain: 1
		Stage 8: CoefficientsTypeResponseStage from COUNTS to COUNTS, gain: 1
		Stage 9: CoefficientsTypeResponseStage from COUNTS to COUNTS, gain: 1
		Stage 10: CoefficientsTypeResponseStage from COUNTS to COUNTS, gain: 1
		Stage 11: CoefficientsTypeResponseStage from COUNTS to COUNTS, gain: 1
		Stage 12: CoefficientsTypeResponseStage from COUNTS to COUNTS, gain: 1
WARNING  calibration_analyzer.py:CalibrationAnalyzer:load_calibration_signal - Waveform data already includes calibration channel.
INFO     calibration_analyzer.py:CalibrationAnalyzer:load_calibration_response - XX.YKAT1.xml
DEBUG    calibration_analyzer.py:CalibrationAnalyzer:load_calibration_response - Channel Response
	From m/s**2 (acceleration) to COUNTS (Digital Counts)
	Overall Sensitivity: -2.26784e+08 defined at UNKNOWN Hz
	11 stages:
		Stage 1: PolesZerosResponseStage from m/s**2 to A, gain: -25.3165
		Stage 2: PolesZerosResponseStage from V to A, gain: 25.6558
		Stage 3: CoefficientsTypeResponseStage from V to COUNTS, gain: 349160
		Stage 4: CoefficientsTypeResponseStage from COUNTS to COUNTS, gain: 1
		Stage 5: CoefficientsTypeResponseStage from COUNTS to COUNTS, gain: 1
		Stage 6: CoefficientsTypeResponseStage from COUNTS to COUNTS, gain: 1
		Stage 7: CoefficientsTypeResponseStage from COUNTS to COUNTS, gain: 1
		Stage 8: CoefficientsTypeResponseStage from COUNTS to COUNTS, gain: 1
		Stage 9: CoefficientsTypeResponseStage from COUNTS to COUNTS, gain: 1
		Stage 10: CoefficientsTypeResponseStage from COUNTS to COUNTS, gain: 1
		Stage 11: CoefficientsTypeResponseStage from COUNTS to COUNTS, gain: 1
DEBUG    calibration_analyzer.py:CalibrationAnalyzer:check_stream - 2 Trace(s) in Stream:
XX.YKAT1..SHZ | 2020-01-10T15:29:32.450000Z - 2020-01-10T15:39:36.450000Z | 40.0 Hz, 24161 samples
XX.YKAT1..SHC | 2020-01-10T15:29:32.450000Z - 2020-01-10T15:39:36.450000Z | 40.0 Hz, 24161 samples
DEBUG    calibration_analyzer.py:CalibrationAnalyzer:setup_nominal_responses - Sensor: ZerosPolesGainContinuous(
array([0.+0.j, 0.+0.j]),
array([-3.9172-4.9127j, -3.9172+4.9127j]),
array([387.154569]),
dt: None
)
DEBUG    calibration_analyzer.py:CalibrationAnalyzer:setup_nominal_responses - Integrating 1 times, from m/s**2 to m/s
DEBUG    calibration_analyzer.py:CalibrationAnalyzer:setup_nominal_responses - Cal: ZerosPolesGainContinuous(
array([], dtype=float64),
array([0]),
array([0.0395]),
dt: None
)
DEBUG    calibration_analyzer.py:CalibrationAnalyzer:setup_nominal_responses - System: ZerosPolesGainContinuous(
array([0.+0.j]),
array([-3.9172-4.9127j, -3.9172+4.9127j]),
15.292605455913913,
dt: None
)
INFO     calibration_analyzer.py:CalibrationAnalyzer:_save_image - check_start_XX.YKAT1..SH_20200110.1529.png
INFO     calibration_analyzer.py:CalibrationAnalyzer:_save_image - check_end_XX.YKAT1..SH_20200110.1529.png
DEBUG    calibration_analyzer.py:CalibrationAnalyzer:voltage - Digitizer sensitivities: 8957970.547630003
DEBUG    calibration_analyzer.py:CalibrationAnalyzer:voltage - Digitizer sensitivities: 27932800.0
INFO     stft.py:Stft:compute - 23 segments from 0.02 to 20 Hz
DEBUG    calibration_analyzer.py:CalibrationAnalyzer:fit - ZerosPolesGainContinuous(
array([0.+0.j]),
array([-3.9172-4.9127j, -3.9172+4.9127j]),
15.292605455913913,
dt: None
)
DEBUG    calibration_analyzer.py:CalibrationAnalyzer:fit - ZerosPolesGainContinuous(
array([], dtype=float64),
array([], dtype=float64),
1.0,
dt: None
)
INFO     calibration_analyzer.py:CalibrationAnalyzer:fit - Nominal zeros [rad/s]: 
INFO     calibration_analyzer.py:CalibrationAnalyzer:fit - Nominal poles [rad/s]: 1.00 Hz (ζ = 0.623)
INFO     calibration_analyzer.py:CalibrationAnalyzer:fit - Nominal sensitivity [V/(m/s) at 10 Hz]: 388
INFO     calibration_analyzer.py:CalibrationAnalyzer:fit - Fitting: Z
INFO     fit_response.py:calan.fit_response:fit_response - Fixing 1 zeros at zero.
DEBUG    calibration_analyzer.py:CalibrationAnalyzer:fit - ZerosPolesGainContinuous(
array([0.]),
array([-3.383165-5.198613j, -3.383165+5.198613j]),
2.4544027326484574,
dt: None
)
INFO     calibration_analyzer.py:CalibrationAnalyzer:fit - Fit zeros [rad/s]: 
INFO     calibration_analyzer.py:CalibrationAnalyzer:fit - Fit poles [rad/s]: 0.987 Hz (ζ = 0.545)
INFO     calibration_analyzer.py:CalibrationAnalyzer:fit - Fit sensitivity [V/(m/s) at 10 Hz]: 62.38
INFO     calibration_analyzer.py:CalibrationAnalyzer:test - Result: Z: fail
INFO     calibration_analyzer.py:CalibrationAnalyzer:estimate_errors - gain error -83.74% ±0.03% (95% conf.)
INFO     calibration_analyzer.py:CalibrationAnalyzer:estimate_errors - timing error -2.02ms ±40us (95% conf.)
INFO     calibration_analyzer.py:CalibrationAnalyzer:_save_image - transfer_function_nominal_system_removed_estimate_errors_XX.YKAT1..SH_20200110.1529.png
INFO     calibration_analyzer.py:CalibrationAnalyzer:_save_image - transfer_function_nominal_cal_removed_estimate_errors_XX.YKAT1..SH_20200110.1529.png
INFO     calibration_analyzer.py:CalibrationAnalyzer:_save_image - variance_XX.YKAT1..SH_20200110.1529.png
INFO     calibration_analyzer.py:CalibrationAnalyzer:_save_image - transfer_function_XX.YKAT1..SH_20200110.1529.png
INFO     calibration_analyzer.py:CalibrationAnalyzer:_save_image - transfer_function_nominal_system_removed_estimate_errors_linear_XX.YKAT1..SH_20200110.1529.png
INFO     calibration_analyzer.py:CalibrationAnalyzer:_save_image - transfer_function_nominal_system_removed_correct_errors_XX.YKAT1..SH_20200110.1529.png
INFO     calibration_analyzer.py:CalibrationAnalyzer:_save_image - signal_to_noise_XX.YKAT1..SH_20200110.1529.png
INFO     calibration_analyzer.py:CalibrationAnalyzer:_save_image - response_sensor_XX.YKAT1..SH_20200110.1529.png
INFO     calibration_analyzer.py:CalibrationAnalyzer:_save_image - response_system_XX.YKAT1..SH_20200110.1529.png
INFO     calibration_analyzer.py:CalibrationAnalyzer:_save_image - response_cal_XX.YKAT1..SH_20200110.1529.png
DEBUG    calibration_analyzer.py:CalibrationAnalyzer:voltage - Digitizer sensitivities: 8957970.547630003
DEBUG    calibration_analyzer.py:CalibrationAnalyzer:voltage - Digitizer sensitivities: 27932800.0
INFO     calibration_analyzer.py:CalibrationAnalyzer:_save_image - simulated_XX.YKAT1..SH_20200110.1529.png
INFO     calibration_analyzer.py:CalibrationAnalyzer:_save_image - spectrogram_XX.YKAT1..SH_20200110.1529.png
INFO     calibration_analyzer.py:CalibrationAnalyzer:write_calibrate_result - calibrate_result_YKAT1_20200110.1529.txt
INFO     calibration_analyzer.py:__main__:calibration_analyzer - Summary: calibration_analyzer.csv
